Component: ARM Compiler 5.06 update 1 (build 61) Tool: armlink [4d35a8]

==============================================================================

Section Cross References

    main.o(i.InitLidar) refers to gpio.o(i.Initialise_GPIO) for Initialise_GPIO
    main.o(i.InitLidar) refers to main.o(i.Init_UART0) for Init_UART0
    main.o(i.InitLidar) refers to glcd_mcb1700.o(i.GLCD_Initialize) for GLCD_Initialize
    main.o(i.InitLidar) refers to glcd_mcb1700.o(i.GLCD_ClearScreen) for GLCD_ClearScreen
    main.o(i.InitLidar) refers to glcd_mcb1700.o(i.GLCD_SetFont) for GLCD_SetFont
    main.o(i.InitLidar) refers to glcd_fonts.o(.constdata) for GLCD_Font_16x24
    main.o(i.Init_UART0) refers to uart_lpc17xx.o(.constdata) for Driver_USART0
    main.o(i.debutScan) refers to uart_lpc17xx.o(.constdata) for Driver_USART0
    main.o(i.debutScan) refers to main.o(.data) for Macros
    main.o(i.etatDeSante) refers to glcd_mcb1700.o(i.GLCD_DrawString) for GLCD_DrawString
    main.o(i.etatDeSante) refers to uart_lpc17xx.o(.constdata) for Driver_USART0
    main.o(i.etatDeSante) refers to main.o(.data) for Macros
    main.o(i.main) refers to main.o(i.InitLidar) for InitLidar
    main.o(i.main) refers to main.o(i.etatDeSante) for etatDeSante
    main.o(i.sante) refers to uart_lpc17xx.o(.constdata) for Driver_USART0
    main.o(i.sante) refers to main.o(.data) for Macros
    main.o(i.stopScan) refers to uart_lpc17xx.o(.constdata) for Driver_USART0
    main.o(i.stopScan) refers to main.o(.data) for Macros
    gpio.o(i.Ecriture_GPIO2) refers to gpio.o(i.Allumer_1LED) for Allumer_1LED
    gpio.o(i.Ecriture_GPIO2) refers to gpio.o(i.Eteindre_1LED) for Eteindre_1LED
    glcd_mcb1700.o(i.GLCD_ClearScreen) refers to glcd_mcb1700.o(i.GLCD_WindowMax) for GLCD_WindowMax
    glcd_mcb1700.o(i.GLCD_ClearScreen) refers to glcd_mcb1700.o(i.wr_cmd) for wr_cmd
    glcd_mcb1700.o(i.GLCD_ClearScreen) refers to glcd_mcb1700.o(i.wr_dat_start) for wr_dat_start
    glcd_mcb1700.o(i.GLCD_ClearScreen) refers to glcd_mcb1700.o(i.wr_dat_only) for wr_dat_only
    glcd_mcb1700.o(i.GLCD_ClearScreen) refers to glcd_mcb1700.o(i.wr_dat_stop) for wr_dat_stop
    glcd_mcb1700.o(i.GLCD_ClearScreen) refers to glcd_mcb1700.o(.data) for background_color
    glcd_mcb1700.o(i.GLCD_DrawBargraph) refers to glcd_mcb1700.o(i.GLCD_SetWindow) for GLCD_SetWindow
    glcd_mcb1700.o(i.GLCD_DrawBargraph) refers to glcd_mcb1700.o(i.wr_cmd) for wr_cmd
    glcd_mcb1700.o(i.GLCD_DrawBargraph) refers to glcd_mcb1700.o(i.wr_dat_start) for wr_dat_start
    glcd_mcb1700.o(i.GLCD_DrawBargraph) refers to glcd_mcb1700.o(i.wr_dat_only) for wr_dat_only
    glcd_mcb1700.o(i.GLCD_DrawBargraph) refers to glcd_mcb1700.o(i.wr_dat_stop) for wr_dat_stop
    glcd_mcb1700.o(i.GLCD_DrawBargraph) refers to glcd_mcb1700.o(.data) for background_color
    glcd_mcb1700.o(i.GLCD_DrawBitmap) refers to glcd_mcb1700.o(i.GLCD_SetWindow) for GLCD_SetWindow
    glcd_mcb1700.o(i.GLCD_DrawBitmap) refers to glcd_mcb1700.o(i.wr_cmd) for wr_cmd
    glcd_mcb1700.o(i.GLCD_DrawBitmap) refers to glcd_mcb1700.o(i.wr_dat_start) for wr_dat_start
    glcd_mcb1700.o(i.GLCD_DrawBitmap) refers to glcd_mcb1700.o(i.wr_dat_only) for wr_dat_only
    glcd_mcb1700.o(i.GLCD_DrawBitmap) refers to glcd_mcb1700.o(i.wr_dat_stop) for wr_dat_stop
    glcd_mcb1700.o(i.GLCD_DrawChar) refers to glcd_mcb1700.o(i.GLCD_SetWindow) for GLCD_SetWindow
    glcd_mcb1700.o(i.GLCD_DrawChar) refers to glcd_mcb1700.o(i.wr_cmd) for wr_cmd
    glcd_mcb1700.o(i.GLCD_DrawChar) refers to glcd_mcb1700.o(i.wr_dat_start) for wr_dat_start
    glcd_mcb1700.o(i.GLCD_DrawChar) refers to glcd_mcb1700.o(i.wr_dat_only) for wr_dat_only
    glcd_mcb1700.o(i.GLCD_DrawChar) refers to glcd_mcb1700.o(i.wr_dat_stop) for wr_dat_stop
    glcd_mcb1700.o(i.GLCD_DrawChar) refers to glcd_mcb1700.o(.data) for active_font
    glcd_mcb1700.o(i.GLCD_DrawHLine) refers to glcd_mcb1700.o(i.GLCD_SetWindow) for GLCD_SetWindow
    glcd_mcb1700.o(i.GLCD_DrawHLine) refers to glcd_mcb1700.o(i.wr_cmd) for wr_cmd
    glcd_mcb1700.o(i.GLCD_DrawHLine) refers to glcd_mcb1700.o(i.wr_dat_start) for wr_dat_start
    glcd_mcb1700.o(i.GLCD_DrawHLine) refers to glcd_mcb1700.o(i.wr_dat_only) for wr_dat_only
    glcd_mcb1700.o(i.GLCD_DrawHLine) refers to glcd_mcb1700.o(i.wr_dat_stop) for wr_dat_stop
    glcd_mcb1700.o(i.GLCD_DrawHLine) refers to glcd_mcb1700.o(.data) for foreground_color
    glcd_mcb1700.o(i.GLCD_DrawPixel) refers to glcd_mcb1700.o(i.wr_reg) for wr_reg
    glcd_mcb1700.o(i.GLCD_DrawPixel) refers to glcd_mcb1700.o(i.wr_cmd) for wr_cmd
    glcd_mcb1700.o(i.GLCD_DrawPixel) refers to glcd_mcb1700.o(i.wr_dat) for wr_dat
    glcd_mcb1700.o(i.GLCD_DrawPixel) refers to glcd_mcb1700.o(.data) for Himax
    glcd_mcb1700.o(i.GLCD_DrawRectangle) refers to glcd_mcb1700.o(i.GLCD_DrawHLine) for GLCD_DrawHLine
    glcd_mcb1700.o(i.GLCD_DrawRectangle) refers to glcd_mcb1700.o(i.GLCD_DrawVLine) for GLCD_DrawVLine
[...]
    __rtentry2.o(.ARM.Collect$$rtentry$$0000000A) refers to libinit.o(.ARM.Collect$$libinit$$00000000) for __rt_lib_init
    __rtentry2.o(.ARM.Collect$$rtentry$$0000000B) refers to boardinit3.o(.text) for _platform_post_lib_init
    __rtentry2.o(.ARM.Collect$$rtentry$$0000000D) refers to main.o(i.main) for main
    __rtentry2.o(.ARM.Collect$$rtentry$$0000000D) refers to exit.o(.text) for exit
    __rtentry2.o(.ARM.exidx) refers to __rtentry2.o(.ARM.Collect$$rtentry$$00000001) for .ARM.Collect$$rtentry$$00000001
    __rtentry2.o(.ARM.exidx) refers to __rtentry2.o(.ARM.Collect$$rtentry$$00000008) for .ARM.Collect$$rtentry$$00000008
    __rtentry2.o(.ARM.exidx) refers to __rtentry2.o(.ARM.Collect$$rtentry$$0000000A) for .ARM.Collect$$rtentry$$0000000A
    __rtentry2.o(.ARM.exidx) refers to __rtentry2.o(.ARM.Collect$$rtentry$$0000000B) for .ARM.Collect$$rtentry$$0000000B
    __rtentry2.o(.ARM.exidx) refers to __rtentry2.o(.ARM.Collect$$rtentry$$0000000D) for .ARM.Collect$$rtentry$$0000000D
    __rtentry4.o(.ARM.Collect$$rtentry$$00000004) refers to sys_stackheap_outer.o(.text) for __user_setup_stackheap
    __rtentry4.o(.ARM.exidx) refers to __rtentry4.o(.ARM.Collect$$rtentry$$00000004) for .ARM.Collect$$rtentry$$00000004
    rt_div0.o(.text) refers to defsig_fpe_outer.o(.text) for __rt_SIGFPE
    sys_stackheap_outer.o(.text) refers to libspace.o(.text) for __user_perproc_libspace
    sys_stackheap_outer.o(.text) refers to startup_lpc17xx.o(.text) for __user_initial_stackheap
    exit.o(.text) refers to rtexit.o(.ARM.Collect$$rtexit$$00000000) for __rt_exit
    defsig_fpe_outer.o(.text) refers to defsig_fpe_inner.o(.text) for __rt_SIGFPE_inner
    defsig_fpe_outer.o(.text) refers to defsig_exit.o(.text) for __sig_exit
    defsig_fpe_formal.o(.text) refers to rt_raise.o(.text) for __rt_raise
    libinit.o(.ARM.Collect$$libinit$$00000000) refers (Special) to libinit2.o(.ARM.Collect$$libinit$$0000002E) for __rt_lib_init_alloca_1
    libinit.o(.ARM.Collect$$libinit$$00000000) refers (Special) to libinit2.o(.ARM.Collect$$libinit$$0000002C) for __rt_lib_init_argv_1
    libinit.o(.ARM.Collect$$libinit$$00000000) refers (Special) to libinit2.o(.ARM.Collect$$libinit$$0000001B) for __rt_lib_init_atexit_1
    libinit.o(.ARM.Collect$$libinit$$00000000) refers (Special) to libinit2.o(.ARM.Collect$$libinit$$00000021) for __rt_lib_init_clock_1
    libinit.o(.ARM.Collect$$libinit$$00000000) refers (Special) to libinit2.o(.ARM.Collect$$libinit$$00000032) for __rt_lib_init_cpp_1
    libinit.o(.ARM.Collect$$libinit$$00000000) refers (Special) to libinit2.o(.ARM.Collect$$libinit$$00000030) for __rt_lib_init_exceptions_1
    libinit.o(.ARM.Collect$$libinit$$00000000) refers (Special) to libinit2.o(.ARM.Collect$$libinit$$00000002) for __rt_lib_init_fp_1
    libinit.o(.ARM.Collect$$libinit$$00000000) refers (Special) to libinit2.o(.ARM.Collect$$libinit$$0000001F) for __rt_lib_init_fp_trap_1
    libinit.o(.ARM.Collect$$libinit$$00000000) refers (Special) to libinit2.o(.ARM.Collect$$libinit$$00000023) for __rt_lib_init_getenv_1
    libinit.o(.ARM.Collect$$libinit$$00000000) refers (Special) to libinit2.o(.ARM.Collect$$libinit$$0000000A) for __rt_lib_init_heap_1
    libinit.o(.ARM.Collect$$libinit$$00000000) refers (Special) to libinit2.o(.ARM.Collect$$libinit$$00000011) for __rt_lib_init_lc_collate_1
    libinit.o(.ARM.Collect$$libinit$$00000000) refers (Special) to libinit2.o(.ARM.Collect$$libinit$$00000013) for __rt_lib_init_lc_ctype_1
    libinit.o(.ARM.Collect$$libinit$$00000000) refers (Special) to libinit2.o(.ARM.Collect$$libinit$$00000015) for __rt_lib_init_lc_monetary_1
    libinit.o(.ARM.Collect$$libinit$$00000000) refers (Special) to libinit2.o(.ARM.Collect$$libinit$$00000017) for __rt_lib_init_lc_numeric_1
    libinit.o(.ARM.Collect$$libinit$$00000000) refers (Special) to libinit2.o(.ARM.Collect$$libinit$$00000019) for __rt_lib_init_lc_time_1
    libinit.o(.ARM.Collect$$libinit$$00000000) refers (Special) to libinit2.o(.ARM.Collect$$libinit$$00000004) for __rt_lib_init_preinit_1
    libinit.o(.ARM.Collect$$libinit$$00000000) refers (Special) to libinit2.o(.ARM.Collect$$libinit$$0000000E) for __rt_lib_init_rand_1
    libinit.o(.ARM.Collect$$libinit$$00000000) refers (Special) to libinit2.o(.ARM.Collect$$libinit$$00000033) for __rt_lib_init_return
    libinit.o(.ARM.Collect$$libinit$$00000000) refers (Special) to libinit2.o(.ARM.Collect$$libinit$$0000001D) for __rt_lib_init_signal_1
    libinit.o(.ARM.Collect$$libinit$$00000000) refers (Special) to libinit2.o(.ARM.Collect$$libinit$$00000025) for __rt_lib_init_stdio_1
    libinit.o(.ARM.Collect$$libinit$$00000000) refers (Special) to libinit2.o(.ARM.Collect$$libinit$$0000000C) for __rt_lib_init_user_alloc_1
    libspace.o(.text) refers to libspace.o(.bss) for __libspace_start
    rtexit.o(.ARM.Collect$$rtexit$$00000000) refers (Special) to rtexit2.o(.ARM.Collect$$rtexit$$00000004) for __rt_exit_exit
    rtexit.o(.ARM.Collect$$rtexit$$00000000) refers (Special) to rtexit2.o(.ARM.Collect$$rtexit$$00000003) for __rt_exit_ls
    rtexit.o(.ARM.Collect$$rtexit$$00000000) refers (Special) to rtexit2.o(.ARM.Collect$$rtexit$$00000002) for __rt_exit_prels_1
    rtexit.o(.ARM.exidx) refers (Special) to rtexit2.o(.ARM.Collect$$rtexit$$00000004) for __rt_exit_exit
    rtexit.o(.ARM.exidx) refers (Special) to rtexit2.o(.ARM.Collect$$rtexit$$00000003) for __rt_exit_ls
    rtexit.o(.ARM.exidx) refers (Special) to rtexit2.o(.ARM.Collect$$rtexit$$00000002) for __rt_exit_prels_1
    rtexit.o(.ARM.exidx) refers to rtexit.o(.ARM.Collect$$rtexit$$00000000) for .ARM.Collect$$rtexit$$00000000
    rt_raise.o(.text) refers to __raise.o(.text) for __raise
    rt_raise.o(.text) refers to sys_exit.o(.text) for _sys_exit
    defsig_exit.o(.text) refers to sys_exit.o(.text) for _sys_exit
    defsig_fpe_inner.o(.text) refers to defsig_general.o(.text) for __default_signal_display
    libinit2.o(.ARM.Collect$$libinit$$00000010) refers to libinit2.o(.ARM.Collect$$libinit$$0000000F) for .ARM.Collect$$libinit$$0000000F
    libinit2.o(.ARM.Collect$$libinit$$00000012) refers to libinit2.o(.ARM.Collect$$libinit$$0000000F) for .ARM.Collect$$libinit$$0000000F
    libinit2.o(.ARM.Collect$$libinit$$00000014) refers to libinit2.o(.ARM.Collect$$libinit$$0000000F) for .ARM.Collect$$libinit$$0000000F
    libinit2.o(.ARM.Collect$$libinit$$00000016) refers to libinit2.o(.ARM.Collect$$libinit$$0000000F) for .ARM.Collect$$libinit$$0000000F
    libinit2.o(.ARM.Collect$$libinit$$00000018) refers to libinit2.o(.ARM.Collect$$libinit$$0000000F) for .ARM.Collect$$libinit$$0000000F
    libinit2.o(.ARM.Collect$$libinit$$00000026) refers to argv_veneer.o(.emb_text) for __ARM_argv_veneer
    libinit2.o(.ARM.Collect$$libinit$$00000027) refers to argv_veneer.o(.emb_text) for __ARM_argv_veneer
    sys_exit.o(.text) refers (Special) to use_no_semi.o(.text) for __I$use$semihosting
    sys_exit.o(.text) refers (Special) to indicate_semi.o(.text) for __semihosting_library_function
    rtexit2.o(.ARM.Collect$$rtexit$$00000003) refers to libshutdown.o(.ARM.Collect$$libshutdown$$00000000) for __rt_lib_shutdown
    rtexit2.o(.ARM.Collect$$rtexit$$00000004) refers to sys_exit.o(.text) for _sys_exit
    rtexit2.o(.ARM.exidx) refers to rtexit2.o(.ARM.Collect$$rtexit$$00000001) for .ARM.Collect$$rtexit$$00000001
    rtexit2.o(.ARM.exidx) refers to rtexit2.o(.ARM.Collect$$rtexit$$00000003) for .ARM.Collect$$rtexit$$00000003
    rtexit2.o(.ARM.exidx) refers to rtexit2.o(.ARM.Collect$$rtexit$$00000004) for .ARM.Collect$$rtexit$$00000004
    __raise.o(.text) refers to defsig.o(CL$$defsig) for __default_signal_handler
    defsig_general.o(.text) refers to sys_wrch.o(.text) for _ttywrch
    argv_veneer.o(.emb_text) refers to no_argv.o(.text) for __ARM_get_argv
    sys_wrch.o(.text) refers (Special) to use_no_semi.o(.text) for __I$use$semihosting
    sys_wrch.o(.text) refers (Special) to indicate_semi.o(.text) for __semihosting_library_function
    defsig.o(CL$$defsig) refers to defsig_fpe_inner.o(.text) for __rt_SIGFPE_inner
    defsig.o(CL$$defsig) refers to defsig_rtmem_inner.o(.text) for __rt_SIGRTMEM_inner
    _get_argv_nomalloc.o(.text) refers (Special) to hrguard.o(.text) for __heap_region$guard
    _get_argv_nomalloc.o(.text) refers to defsig_rtmem_outer.o(.text) for __rt_SIGRTMEM
    _get_argv_nomalloc.o(.text) refers to sys_command.o(.text) for _sys_command_string
    libshutdown.o(.ARM.Collect$$libshutdown$$00000000) refers (Special) to libshutdown2.o(.ARM.Collect$$libshutdown$$00000002) for __rt_lib_shutdown_cpp_1
    libshutdown.o(.ARM.Collect$$libshutdown$$00000000) refers (Special) to libshutdown2.o(.ARM.Collect$$libshutdown$$00000007) for __rt_lib_shutdown_fp_trap_1
    libshutdown.o(.ARM.Collect$$libshutdown$$00000000) refers (Special) to libshutdown2.o(.ARM.Collect$$libshutdown$$0000000F) for __rt_lib_shutdown_heap_1
    libshutdown.o(.ARM.Collect$$libshutdown$$00000000) refers (Special) to libshutdown2.o(.ARM.Collect$$libshutdown$$00000010) for __rt_lib_shutdown_return
    libshutdown.o(.ARM.Collect$$libshutdown$$00000000) refers (Special) to libshutdown2.o(.ARM.Collect$$libshutdown$$0000000A) for __rt_lib_shutdown_signal_1
    libshutdown.o(.ARM.Collect$$libshutdown$$00000000) refers (Special) to libshutdown2.o(.ARM.Collect$$libshutdown$$00000004) for __rt_lib_shutdown_stdio_1
    libshutdown.o(.ARM.Collect$$libshutdown$$00000000) refers (Special) to libshutdown2.o(.ARM.Collect$$libshutdown$$0000000C) for __rt_lib_shutdown_user_alloc_1
    sys_command.o(.text) refers (Special) to use_no_semi.o(.text) for __I$use$semihosting
    sys_command.o(.text) refers (Special) to indicate_semi.o(.text) for __semihosting_library_function
    defsig_abrt_inner.o(.text) refers to defsig_general.o(.text) for __default_signal_display
    defsig_rtred_inner.o(.text) refers to defsig_general.o(.text) for __default_signal_display
    defsig_rtmem_inner.o(.text) refers to defsig_general.o(.text) for __default_signal_display
    defsig_rtmem_outer.o(.text) refers to defsig_rtmem_inner.o(.text) for __rt_SIGRTMEM_inner
    defsig_rtmem_outer.o(.text) refers to defsig_exit.o(.text) for __sig_exit
    defsig_rtmem_formal.o(.text) refers to rt_raise.o(.text) for __rt_raise
    defsig_stak_inner.o(.text) refers to defsig_general.o(.text) for __default_signal_display
    defsig_pvfn_inner.o(.text) refers to defsig_general.o(.text) for __default_signal_display
    defsig_cppl_inner.o(.text) refers to defsig_general.o(.text) for __default_signal_display
    defsig_segv_inner.o(.text) refers to defsig_general.o(.text) for __default_signal_display
    defsig_other.o(.text) refers to defsig_general.o(.text) for __default_signal_display


==============================================================================

Removing Unused input sections from the image.

    Removing main.o(.rev16_text), (4 bytes).
    Removing main.o(.revsh_text), (4 bytes).
    Removing main.o(.rrx_text), (6 bytes).
    Removing main.o(i.debutScan), (72 bytes).
    Removing main.o(i.sante), (72 bytes).
    Removing main.o(i.stopScan), (72 bytes).
    Removing main.o(.bss), (20 bytes).
    Removing gpio.o(.rev16_text), (4 bytes).
    Removing gpio.o(.revsh_text), (4 bytes).
    Removing gpio.o(.rrx_text), (6 bytes).
    Removing gpio.o(i.Allumer_1LED), (168 bytes).
    Removing gpio.o(i.Ecriture_GPIO), (84 bytes).
    Removing gpio.o(i.Ecriture_GPIO2), (42 bytes).
    Removing gpio.o(i.Eteindre_1LED), (168 bytes).
    Removing gpio.o(i.Lecture_GPIO), (12 bytes).
    Removing gpio.o(i.Valeur_BP), (24 bytes).
    Removing gpio.o(i.Valeur_Joystick_bas), (24 bytes).
    Removing gpio.o(i.Valeur_Joystick_centre), (24 bytes).
    Removing gpio.o(i.Valeur_Joystick_droit), (24 bytes).
    Removing gpio.o(i.Valeur_Joystick_gauche), (24 bytes).
    Removing gpio.o(i.Valeur_Joystick_haut), (24 bytes).
    Removing glcd_mcb1700.o(.rev16_text), (4 bytes).
    Removing glcd_mcb1700.o(.revsh_text), (4 bytes).
    Removing glcd_mcb1700.o(.rrx_text), (6 bytes).
    Removing glcd_mcb1700.o(i.GLCD_DrawBargraph), (108 bytes).
    Removing glcd_mcb1700.o(i.GLCD_DrawBitmap), (92 bytes).
    Removing glcd_mcb1700.o(i.GLCD_DrawHLine), (60 bytes).
    Removing glcd_mcb1700.o(i.GLCD_DrawPixel), (128 bytes).
    Removing glcd_mcb1700.o(i.GLCD_DrawRectangle), (58 bytes).
    Removing glcd_mcb1700.o(i.GLCD_DrawVLine), (60 bytes).
    Removing glcd_mcb1700.o(i.GLCD_FrameBufferAccess), (8 bytes).
    Removing glcd_mcb1700.o(i.GLCD_FrameBufferAddress), (4 bytes).
    Removing glcd_mcb1700.o(i.GLCD_SetBackgroundColor), (16 bytes).
    Removing glcd_mcb1700.o(i.GLCD_SetForegroundColor), (16 bytes).
    Removing glcd_mcb1700.o(i.GLCD_Uninitialize), (36 bytes).
    Removing glcd_mcb1700.o(i.GLCD_VScroll), (8 bytes).
    Removing glcd_mcb1700.o(i.wr_dat), (76 bytes).
    Removing ssp_lpc17xx.o(.rev16_text), (4 bytes).
    Removing ssp_lpc17xx.o(.revsh_text), (4 bytes).
    Removing ssp_lpc17xx.o(.rrx_text), (6 bytes).
    Removing uart_lpc17xx.o(.rev16_text), (4 bytes).
    Removing uart_lpc17xx.o(.revsh_text), (4 bytes).
    Removing uart_lpc17xx.o(.rrx_text), (6 bytes).
    Removing gpdma_lpc17xx.o(.rev16_text), (4 bytes).
    Removing gpdma_lpc17xx.o(.revsh_text), (4 bytes).
    Removing gpdma_lpc17xx.o(.rrx_text), (6 bytes).
    Removing gpdma_lpc17xx.o(i.GPDMA_ChannelEnable), (60 bytes).
    Removing gpdma_lpc17xx.o(i.GPDMA_ChannelGetStatus), (36 bytes).
    Removing gpio_lpc17xx.o(.rev16_text), (4 bytes).
    Removing gpio_lpc17xx.o(.revsh_text), (4 bytes).
    Removing gpio_lpc17xx.o(.rrx_text), (6 bytes).
    Removing gpio_lpc17xx.o(i.GPIO_PortRead), (20 bytes).
    Removing gpio_lpc17xx.o(i.GPIO_PortWrite), (32 bytes).
    Removing pin_lpc17xx.o(.rev16_text), (4 bytes).
    Removing pin_lpc17xx.o(.revsh_text), (4 bytes).
    Removing pin_lpc17xx.o(.rrx_text), (6 bytes).
    Removing pin_lpc17xx.o(i.PIN_ConfigureI2C0Pins), (32 bytes).
    Removing pin_lpc17xx.o(i.PIN_ConfigureTPIU), (40 bytes).
    Removing system_lpc17xx.o(.rev16_text), (4 bytes).
    Removing system_lpc17xx.o(.revsh_text), (4 bytes).
    Removing system_lpc17xx.o(.rrx_text), (6 bytes).
    Removing system_lpc17xx.o(i.SystemCoreClockUpdate), (424 bytes).

62 unused section(s) (total 2294 bytes) removed from the image.

==============================================================================

Image Symbol Table

    Local Symbols

    Symbol Name                              Value     Ov Type        Size  Object(Section)

    RESET                                    0x00000000   Section      204  startup_lpc17xx.o(RESET)
    ../clib/angel/boardlib.s                 0x00000000   Number         0  boardshut.o ABSOLUTE
    ../clib/angel/boardlib.s                 0x00000000   Number         0  boardinit1.o ABSOLUTE
    ../clib/angel/boardlib.s                 0x00000000   Number         0  boardinit2.o ABSOLUTE
    ../clib/angel/boardlib.s                 0x00000000   Number         0  boardinit3.o ABSOLUTE
    ../clib/angel/handlers.s                 0x00000000   Number         0  __scatter_zi.o ABSOLUTE
    ../clib/angel/handlers.s                 0x00000000   Number         0  __scatter_copy.o ABSOLUTE
    ../clib/angel/kernel.s                   0x00000000   Number         0  __rtentry4.o ABSOLUTE
    ../clib/angel/kernel.s                   0x00000000   Number         0  __rtentry2.o ABSOLUTE
    ../clib/angel/kernel.s                   0x00000000   Number         0  rtexit2.o ABSOLUTE
    ../clib/angel/kernel.s                   0x00000000   Number         0  rtexit.o ABSOLUTE
    ../clib/angel/kernel.s                   0x00000000   Number         0  __rtentry.o ABSOLUTE
    ../clib/angel/rt.s                       0x00000000   Number         0  aeabi_ldiv0_sigfpe.o ABSOLUTE
    ../clib/angel/rt.s                       0x00000000   Number         0  rt_div0.o ABSOLUTE
    ../clib/angel/rt.s                       0x00000000   Number         0  aeabi_ldiv0.o ABSOLUTE
    ../clib/angel/rt.s                       0x00000000   Number         0  rt_raise.o ABSOLUTE
    ../clib/angel/scatter.s                  0x00000000   Number         0  __scatter.o ABSOLUTE
    ../clib/angel/startup.s                  0x00000000   Number         0  __main.o ABSOLUTE
    ../clib/angel/sys.s                      0x00000000   Number         0  libspace.o ABSOLUTE
    ../clib/angel/sys.s                      0x00000000   Number         0  sys_stackheap_outer.o ABSOLUTE
    ../clib/angel/sys.s                      0x00000000   Number         0  indicate_semi.o ABSOLUTE
    ../clib/angel/sys.s                      0x00000000   Number         0  use_no_semi.o ABSOLUTE
    ../clib/angel/sysapp.c                   0x00000000   Number         0  sys_exit.o ABSOLUTE
    ../clib/angel/sysapp.c                   0x00000000   Number         0  sys_command.o ABSOLUTE
    ../clib/angel/sysapp.c                   0x00000000   Number         0  sys_wrch.o ABSOLUTE
    ../clib/armsys.c                         0x00000000   Number         0  argv_veneer.o ABSOLUTE
    ../clib/armsys.c                         0x00000000   Number         0  no_argv.o ABSOLUTE
    ../clib/armsys.c                         0x00000000   Number         0  _get_argv_nomalloc.o ABSOLUTE
    ../clib/armsys.c                         0x00000000   Number         0  argv_veneer.o ABSOLUTE
    ../clib/heapalloc.c                      0x00000000   Number         0  hrguard.o ABSOLUTE
    ../clib/heapaux.c                        0x00000000   Number         0  heapauxi.o ABSOLUTE
    ../clib/libinit.s                        0x00000000   Number         0  libinit2.o ABSOLUTE
    ../clib/libinit.s                        0x00000000   Number         0  libinit.o ABSOLUTE
    ../clib/libinit.s                        0x00000000   Number         0  libshutdown.o ABSOLUTE
    ../clib/libinit.s                        0x00000000   Number         0  libshutdown2.o ABSOLUTE
    ../clib/longlong.s                       0x00000000   Number         0  lludivv7m.o ABSOLUTE
    ../clib/memcpset.s                       0x00000000   Number         0  rt_memclr_w.o ABSOLUTE
    ../clib/signal.c                         0x00000000   Number         0  defsig_abrt_inner.o ABSOLUTE
    ../clib/signal.c                         0x00000000   Number         0  defsig_fpe_outer.o ABSOLUTE
    ../clib/signal.c                         0x00000000   Number         0  defsig_pvfn_inner.o ABSOLUTE
    ../clib/signal.c                         0x00000000   Number         0  defsig_stak_inner.o ABSOLUTE
    ../clib/signal.c                         0x00000000   Number         0  defsig_rtmem_formal.o ABSOLUTE
    ../clib/signal.c                         0x00000000   Number         0  defsig_fpe_formal.o ABSOLUTE
    ../clib/signal.c                         0x00000000   Number         0  defsig_fpe_inner.o ABSOLUTE
    ../clib/signal.c                         0x00000000   Number         0  defsig_cppl_inner.o ABSOLUTE
    ../clib/signal.c                         0x00000000   Number         0  defsig_segv_inner.o ABSOLUTE
    ../clib/signal.c                         0x00000000   Number         0  defsig_rtmem_outer.o ABSOLUTE
    ../clib/signal.c                         0x00000000   Number         0  defsig_rtmem_inner.o ABSOLUTE
    ../clib/signal.c                         0x00000000   Number         0  defsig_rtred_inner.o ABSOLUTE
    ../clib/signal.c                         0x00000000   Number         0  defsig_general.o ABSOLUTE
    ../clib/signal.c                         0x00000000   Number         0  __raise.o ABSOLUTE
    ../clib/signal.c                         0x00000000   Number         0  defsig_other.o ABSOLUTE
    ../clib/signal.c                         0x00000000   Number         0  defsig_exit.o ABSOLUTE
    ../clib/signal.s                         0x00000000   Number         0  defsig.o ABSOLUTE
    ../clib/stdlib.c                         0x00000000   Number         0  exit.o ABSOLUTE
    ../fplib/fpinit.s                        0x00000000   Number         0  fpinit.o ABSOLUTE
    C:\Keil_v5\ARM\PACK\Keil\LPC1700_DFP\2.4.0\Boards\Keil\MCB1700\Common\GLCD_Fonts.c 0x00000000   Number         0  glcd_fonts.o ABSOLUTE
    C:\Keil_v5\ARM\PACK\Keil\LPC1700_DFP\2.4.0\Boards\Keil\MCB1700\Common\GLCD_MCB1700.c 0x00000000   Number         0  glcd_mcb1700.o ABSOLUTE
    C:\Keil_v5\ARM\PACK\Keil\LPC1700_DFP\2.4.0\RTE_Driver\GPDMA_LPC17xx.c 0x00000000   Number         0  gpdma_lpc17xx.o ABSOLUTE
    C:\Keil_v5\ARM\PACK\Keil\LPC1700_DFP\2.4.0\RTE_Driver\GPIO_LPC17xx.c 0x00000000   Number         0  gpio_lpc17xx.o ABSOLUTE
    C:\Keil_v5\ARM\PACK\Keil\LPC1700_DFP\2.4.0\RTE_Driver\PIN_LPC17xx.c 0x00000000   Number         0  pin_lpc17xx.o ABSOLUTE
    C:\Keil_v5\ARM\PACK\Keil\LPC1700_DFP\2.4.0\RTE_Driver\SSP_LPC17xx.c 0x00000000   Number         0  ssp_lpc17xx.o ABSOLUTE
    C:\Keil_v5\ARM\PACK\Keil\LPC1700_DFP\2.4.0\RTE_Driver\UART_LPC17xx.c 0x00000000   Number         0  uart_lpc17xx.o ABSOLUTE
    C:\\Keil_v5\\ARM\\PACK\\Keil\\LPC1700_DFP\\2.4.0\\Boards\\Keil\\MCB1700\\Common\\GLCD_MCB1700.c 0x00000000   Number         0  glcd_mcb1700.o ABSOLUTE
    C:\\Keil_v5\\ARM\\PACK\\Keil\\LPC1700_DFP\\2.4.0\\RTE_Driver\\GPDMA_LPC17xx.c 0x00000000   Number         0  gpdma_lpc17xx.o ABSOLUTE
    C:\\Keil_v5\\ARM\\PACK\\Keil\\LPC1700_DFP\\2.4.0\\RTE_Driver\\GPIO_LPC17xx.c 0x00000000   Number         0  gpio_lpc17xx.o ABSOLUTE
    C:\\Keil_v5\\ARM\\PACK\\Keil\\LPC1700_DFP\\2.4.0\\RTE_Driver\\PIN_LPC17xx.c 0x00000000   Number         0  pin_lpc17xx.o ABSOLUTE
    C:\\Keil_v5\\ARM\\PACK\\Keil\\LPC1700_DFP\\2.4.0\\RTE_Driver\\SSP_LPC17xx.c 0x00000000   Number         0  ssp_lpc17xx.o ABSOLUTE
    C:\\Keil_v5\\ARM\\PACK\\Keil\\LPC1700_DFP\\2.4.0\\RTE_Driver\\UART_LPC17xx.c 0x00000000   Number         0  uart_lpc17xx.o ABSOLUTE
    GPIO.c                                   0x00000000   Number         0  gpio.o ABSOLUTE
    GPIO.c                                   0x00000000   Number         0  gpio.o ABSOLUTE
    RTE\Device\LPC1768\startup_LPC17xx.s     0x00000000   Number         0  startup_lpc17xx.o ABSOLUTE
    RTE\Device\LPC1768\system_LPC17xx.c      0x00000000   Number         0  system_lpc17xx.o ABSOLUTE
    RTE\\Device\\LPC1768\\system_LPC17xx.c   0x00000000   Number         0  system_lpc17xx.o ABSOLUTE
    dc.s                                     0x00000000   Number         0  dc.o ABSOLUTE
    main.c                                   0x00000000   Number         0  main.o ABSOLUTE
    main.c                                   0x00000000   Number         0  main.o ABSOLUTE
    !!!main                                  0x000000cc   Section        8  __main.o(!!!main)
    !!!scatter                               0x000000d4   Section       52  __scatter.o(!!!scatter)
    !!handler_copy                           0x00000108   Section       26  __scatter_copy.o(!!handler_copy)
    !!handler_zi                             0x00000124   Section       28  __scatter_zi.o(!!handler_zi)
    .ARM.Collect$$libinit$$00000000          0x00000140   Section        2  libinit.o(.ARM.Collect$$libinit$$00000000)
    .ARM.Collect$$libinit$$00000002          0x00000142   Section        0  libinit2.o(.ARM.Collect$$libinit$$00000002)
    .ARM.Collect$$libinit$$00000004          0x00000142   Section        0  libinit2.o(.ARM.Collect$$libinit$$00000004)
    .ARM.Collect$$libinit$$0000000A          0x00000142   Section        0  libinit2.o(.ARM.Collect$$libinit$$0000000A)
    .ARM.Collect$$libinit$$0000000C          0x00000142   Section        0  libinit2.o(.ARM.Collect$$libinit$$0000000C)
    .ARM.Collect$$libinit$$0000000E          0x00000142   Section        0  libinit2.o(.ARM.Collect$$libinit$$0000000E)
    .ARM.Collect$$libinit$$00000011          0x00000142   Section        0  libinit2.o(.ARM.Collect$$libinit$$00000011)
    .ARM.Collect$$libinit$$00000013          0x00000142   Section        0  libinit2.o(.ARM.Collect$$libinit$$00000013)
    .ARM.Collect$$libinit$$00000015          0x00000142   Section        0  libinit2.o(.ARM.Collect$$libinit$$00000015)
    .ARM.Collect$$libinit$$00000017          0x00000142   Section        0  libinit2.o(.ARM.Collect$$libinit$$00000017)
    .ARM.Collect$$libinit$$00000019          0x00000142   Section        0  libinit2.o(.ARM.Collect$$libinit$$00000019)
    .ARM.Collect$$libinit$$0000001B          0x00000142   Section        0  libinit2.o(.ARM.Collect$$libinit$$0000001B)
    .ARM.Collect$$libinit$$0000001D          0x00000142   Section        0  libinit2.o(.ARM.Collect$$libinit$$0000001D)
    .ARM.Collect$$libinit$$0000001F          0x00000142   Section        0  libinit2.o(.ARM.Collect$$libinit$$0000001F)
    .ARM.Collect$$libinit$$00000021          0x00000142   Section        0  libinit2.o(.ARM.Collect$$libinit$$00000021)
    .ARM.Collect$$libinit$$00000023          0x00000142   Section        0  libinit2.o(.ARM.Collect$$libinit$$00000023)
    .ARM.Collect$$libinit$$00000025          0x00000142   Section        0  libinit2.o(.ARM.Collect$$libinit$$00000025)
    .ARM.Collect$$libinit$$0000002C          0x00000142   Section        0  libinit2.o(.ARM.Collect$$libinit$$0000002C)
    .ARM.Collect$$libinit$$0000002E          0x00000142   Section        0  libinit2.o(.ARM.Collect$$libinit$$0000002E)
    .ARM.Collect$$libinit$$00000030          0x00000142   Section        0  libinit2.o(.ARM.Collect$$libinit$$00000030)
    .ARM.Collect$$libinit$$00000032          0x00000142   Section        0  libinit2.o(.ARM.Collect$$libinit$$00000032)
    .ARM.Collect$$libinit$$00000033          0x00000142   Section        2  libinit2.o(.ARM.Collect$$libinit$$00000033)
    .ARM.Collect$$libshutdown$$00000000      0x00000144   Section        2  libshutdown.o(.ARM.Collect$$libshutdown$$00000000)
    .ARM.Collect$$libshutdown$$00000002      0x00000146   Section        0  libshutdown2.o(.ARM.Collect$$libshutdown$$00000002)
    .ARM.Collect$$libshutdown$$00000004      0x00000146   Section        0  libshutdown2.o(.ARM.Collect$$libshutdown$$00000004)
    .ARM.Collect$$libshutdown$$00000007      0x00000146   Section        0  libshutdown2.o(.ARM.Collect$$libshutdown$$00000007)
    .ARM.Collect$$libshutdown$$0000000A      0x00000146   Section        0  libshutdown2.o(.ARM.Collect$$libshutdown$$0000000A)
    .ARM.Collect$$libshutdown$$0000000C      0x00000146   Section        0  libshutdown2.o(.ARM.Collect$$libshutdown$$0000000C)
    .ARM.Collect$$libshutdown$$0000000F      0x00000146   Section        0  libshutdown2.o(.ARM.Collect$$libshutdown$$0000000F)
    .ARM.Collect$$libshutdown$$00000010      0x00000146   Section        2  libshutdown2.o(.ARM.Collect$$libshutdown$$00000010)
    .ARM.Collect$$rtentry$$00000000          0x00000148   Section        0  __rtentry.o(.ARM.Collect$$rtentry$$00000000)
    .ARM.Collect$$rtentry$$00000002          0x00000148   Section        0  __rtentry2.o(.ARM.Collect$$rtentry$$00000002)
    .ARM.Collect$$rtentry$$00000004          0x00000148   Section        6  __rtentry4.o(.ARM.Collect$$rtentry$$00000004)
    .ARM.Collect$$rtentry$$00000009          0x0000014e   Section        0  __rtentry2.o(.ARM.Collect$$rtentry$$00000009)
    .ARM.Collect$$rtentry$$0000000A          0x0000014e   Section        4  __rtentry2.o(.ARM.Collect$$rtentry$$0000000A)
    .ARM.Collect$$rtentry$$0000000C          0x00000152   Section        0  __rtentry2.o(.ARM.Collect$$rtentry$$0000000C)
    .ARM.Collect$$rtentry$$0000000D          0x00000152   Section        8  __rtentry2.o(.ARM.Collect$$rtentry$$0000000D)
    .ARM.Collect$$rtexit$$00000000           0x0000015a   Section        2  rtexit.o(.ARM.Collect$$rtexit$$00000000)
    .ARM.Collect$$rtexit$$00000002           0x0000015c   Section        0  rtexit2.o(.ARM.Collect$$rtexit$$00000002)
    .ARM.Collect$$rtexit$$00000003           0x0000015c   Section        4  rtexit2.o(.ARM.Collect$$rtexit$$00000003)
    .ARM.Collect$$rtexit$$00000004           0x00000160   Section        6  rtexit2.o(.ARM.Collect$$rtexit$$00000004)
    .text                                    0x00000168   Section       60  startup_lpc17xx.o(.text)
    .text                                    0x000001a4   Section      238  lludivv7m.o(.text)
    .text                                    0x00000292   Section       78  rt_memclr_w.o(.text)
    .text                                    0x000002e0   Section        0  heapauxi.o(.text)
    .text                                    0x000002e6   Section        0  exit.o(.text)
    .text                                    0x000002f8   Section        2  use_no_semi.o(.text)
    .text                                    0x000002fa   Section        0  indicate_semi.o(.text)
    .ARM.__at_0x02FC                         0x000002fc   Section        4  startup_lpc17xx.o(.ARM.__at_0x02FC)
    .text                                    0x00000300   Section       74  sys_stackheap_outer.o(.text)
    .text                                    0x0000034c   Section        8  libspace.o(.text)
    .text                                    0x00000354   Section        0  sys_exit.o(.text)
    i.Clear_Channel_active_flag              0x00000360   Section        0  gpdma_lpc17xx.o(i.Clear_Channel_active_flag)
    Clear_Channel_active_flag                0x00000361   Thumb Code    28  gpdma_lpc17xx.o(i.Clear_Channel_active_flag)
    i.DMA_IRQHandler                         0x00000380   Section        0  gpdma_lpc17xx.o(i.DMA_IRQHandler)
    i.GLCD_ClearScreen                       0x00000500   Section        0  glcd_mcb1700.o(i.GLCD_ClearScreen)
    i.GLCD_DrawChar                          0x00000530   Section        0  glcd_mcb1700.o(i.GLCD_DrawChar)
    i.GLCD_DrawString                        0x00000600   Section        0  glcd_mcb1700.o(i.GLCD_DrawString)
    i.GLCD_Initialize                        0x0000062c   Section        0  glcd_mcb1700.o(i.GLCD_Initialize)
    i.GLCD_SetFont                           0x00000be4   Section        0  glcd_mcb1700.o(i.GLCD_SetFont)
    i.GLCD_SetWindow                         0x00000bf4   Section        0  glcd_mcb1700.o(i.GLCD_SetWindow)
    i.GLCD_WindowMax                         0x00000ca0   Section        0  glcd_mcb1700.o(i.GLCD_WindowMax)
    i.GPDMA_ChannelConfigure                 0x00000cb4   Section        0  gpdma_lpc17xx.o(i.GPDMA_ChannelConfigure)
    i.GPDMA_ChannelDisable                   0x00000da8   Section        0  gpdma_lpc17xx.o(i.GPDMA_ChannelDisable)
    i.GPDMA_ChannelGetCount                  0x00000dd8   Section        0  gpdma_lpc17xx.o(i.GPDMA_ChannelGetCount)
    i.GPDMA_Initialize                       0x00000e08   Section        0  gpdma_lpc17xx.o(i.GPDMA_Initialize)
    i.GPDMA_PeripheralSelect                 0x00000eb0   Section        0  gpdma_lpc17xx.o(i.GPDMA_PeripheralSelect)
    i.GPDMA_Uninitialize                     0x00000ef4   Section        0  gpdma_lpc17xx.o(i.GPDMA_Uninitialize)
    i.GPIO_PinRead                           0x00000f74   Section        0  gpio_lpc17xx.o(i.GPIO_PinRead)
    i.GPIO_PinWrite                          0x00000f94   Section        0  gpio_lpc17xx.o(i.GPIO_PinWrite)
    i.GPIO_PortClock                         0x00000fbc   Section        0  gpio_lpc17xx.o(i.GPIO_PortClock)
    i.GPIO_SetDir                            0x00000fe8   Section        0  gpio_lpc17xx.o(i.GPIO_SetDir)
    i.GetSSPClockFreq                        0x00001020   Section        0  ssp_lpc17xx.o(i.GetSSPClockFreq)
    GetSSPClockFreq                          0x00001021   Thumb Code    64  ssp_lpc17xx.o(i.GetSSPClockFreq)
    i.GetUsartClockFreq                      0x00001064   Section        0  uart_lpc17xx.o(i.GetUsartClockFreq)
    GetUsartClockFreq                        0x00001065   Thumb Code    62  uart_lpc17xx.o(i.GetUsartClockFreq)
    i.InitLidar                              0x000010a8   Section        0  main.o(i.InitLidar)
    i.Init_UART0                             0x000010c8   Section        0  main.o(i.Init_UART0)
    i.Initialise_GPIO                        0x00001100   Section        0  gpio.o(i.Initialise_GPIO)
    i.PIN_Configure                          0x00001168   Section        0  pin_lpc17xx.o(i.PIN_Configure)
    i.SSP1_Control                           0x00001264   Section        0  ssp_lpc17xx.o(i.SSP1_Control)
    SSP1_Control                             0x00001265   Thumb Code    18  ssp_lpc17xx.o(i.SSP1_Control)
    i.SSP1_GPDMA_Rx_SignalEvent              0x0000127c   Section        0  ssp_lpc17xx.o(i.SSP1_GPDMA_Rx_SignalEvent)
    i.SSP1_GPDMA_Tx_SignalEvent              0x00001290   Section        0  ssp_lpc17xx.o(i.SSP1_GPDMA_Tx_SignalEvent)
    i.SSP1_GetDataCount                      0x000012a4   Section        0  ssp_lpc17xx.o(i.SSP1_GetDataCount)
    SSP1_GetDataCount                        0x000012a5   Thumb Code    10  ssp_lpc17xx.o(i.SSP1_GetDataCount)
    i.SSP1_GetStatus                         0x000012b4   Section        0  ssp_lpc17xx.o(i.SSP1_GetStatus)
    SSP1_GetStatus                           0x000012b5   Thumb Code    12  ssp_lpc17xx.o(i.SSP1_GetStatus)
    i.SSP1_IRQHandler                        0x000012c4   Section        0  ssp_lpc17xx.o(i.SSP1_IRQHandler)
    i.SSP1_Initialize                        0x000012d4   Section        0  ssp_lpc17xx.o(i.SSP1_Initialize)
    SSP1_Initialize                          0x000012d5   Thumb Code    14  ssp_lpc17xx.o(i.SSP1_Initialize)
    i.SSP1_PowerControl                      0x000012e8   Section        0  ssp_lpc17xx.o(i.SSP1_PowerControl)
    SSP1_PowerControl                        0x000012e9   Thumb Code    14  ssp_lpc17xx.o(i.SSP1_PowerControl)
    i.SSP1_Receive                           0x000012fc   Section        0  ssp_lpc17xx.o(i.SSP1_Receive)
    SSP1_Receive                             0x000012fd   Thumb Code    18  ssp_lpc17xx.o(i.SSP1_Receive)
    i.SSP1_Send                              0x00001314   Section        0  ssp_lpc17xx.o(i.SSP1_Send)
    SSP1_Send                                0x00001315   Thumb Code    18  ssp_lpc17xx.o(i.SSP1_Send)
    i.SSP1_Transfer                          0x0000132c   Section        0  ssp_lpc17xx.o(i.SSP1_Transfer)
    SSP1_Transfer                            0x0000132d   Thumb Code    22  ssp_lpc17xx.o(i.SSP1_Transfer)
    i.SSP1_Uninitialize                      0x00001348   Section        0  ssp_lpc17xx.o(i.SSP1_Uninitialize)
    SSP1_Uninitialize                        0x00001349   Thumb Code    10  ssp_lpc17xx.o(i.SSP1_Uninitialize)
    i.SSP_GetCapabilities                    0x00001358   Section        0  ssp_lpc17xx.o(i.SSP_GetCapabilities)
    SSP_GetCapabilities                      0x00001359   Thumb Code     6  ssp_lpc17xx.o(i.SSP_GetCapabilities)
    i.SSP_GetVersion                         0x00001364   Section        0  ssp_lpc17xx.o(i.SSP_GetVersion)
    SSP_GetVersion                           0x00001365   Thumb Code    10  ssp_lpc17xx.o(i.SSP_GetVersion)
    i.SSPx_Control                           0x00001374   Section        0  ssp_lpc17xx.o(i.SSPx_Control)
    SSPx_Control                             0x00001375   Thumb Code  1310  ssp_lpc17xx.o(i.SSPx_Control)
    i.SSPx_GPDMA_Rx_SignalEvent              0x00001892   Section        0  ssp_lpc17xx.o(i.SSPx_GPDMA_Rx_SignalEvent)
    i.SSPx_GPDMA_Tx_SignalEvent              0x000018c8   Section        0  ssp_lpc17xx.o(i.SSPx_GPDMA_Tx_SignalEvent)
    i.SSPx_GetDataCount                      0x000018e4   Section        0  ssp_lpc17xx.o(i.SSPx_GetDataCount)
    SSPx_GetDataCount                        0x000018e5   Thumb Code    44  ssp_lpc17xx.o(i.SSPx_GetDataCount)
    i.SSPx_GetStatus                         0x00001910   Section        0  ssp_lpc17xx.o(i.SSPx_GetStatus)
    SSPx_GetStatus                           0x00001911   Thumb Code    90  ssp_lpc17xx.o(i.SSPx_GetStatus)
    i.SSPx_IRQHandler                        0x0000196a   Section        0  ssp_lpc17xx.o(i.SSPx_IRQHandler)
    SSPx_IRQHandler                          0x0000196b   Thumb Code   260  ssp_lpc17xx.o(i.SSPx_IRQHandler)
    i.SSPx_Initialize                        0x00001a6e   Section        0  ssp_lpc17xx.o(i.SSPx_Initialize)
    SSPx_Initialize                          0x00001a6f   Thumb Code   168  ssp_lpc17xx.o(i.SSPx_Initialize)
    i.SSPx_PowerControl                      0x00001b18   Section        0  ssp_lpc17xx.o(i.SSPx_PowerControl)
    SSPx_PowerControl                        0x00001b19   Thumb Code   430  ssp_lpc17xx.o(i.SSPx_PowerControl)
    i.SSPx_Receive                           0x00001ccc   Section        0  ssp_lpc17xx.o(i.SSPx_Receive)
    SSPx_Receive                             0x00001ccd   Thumb Code   344  ssp_lpc17xx.o(i.SSPx_Receive)
    i.SSPx_Send                              0x00001e28   Section        0  ssp_lpc17xx.o(i.SSPx_Send)
    SSPx_Send                                0x00001e29   Thumb Code   336  ssp_lpc17xx.o(i.SSPx_Send)
    i.SSPx_Transfer                          0x00001f7c   Section        0  ssp_lpc17xx.o(i.SSPx_Transfer)
    SSPx_Transfer                            0x00001f7d   Thumb Code   338  ssp_lpc17xx.o(i.SSPx_Transfer)
    i.SSPx_Uninitialize                      0x000020ce   Section        0  ssp_lpc17xx.o(i.SSPx_Uninitialize)
    SSPx_Uninitialize                        0x000020cf   Thumb Code   112  ssp_lpc17xx.o(i.SSPx_Uninitialize)
    i.Set_Channel_active_flag                0x00002140   Section        0  gpdma_lpc17xx.o(i.Set_Channel_active_flag)
    Set_Channel_active_flag                  0x00002141   Thumb Code    50  gpdma_lpc17xx.o(i.Set_Channel_active_flag)
    i.SystemInit                             0x00002178   Section        0  system_lpc17xx.o(i.SystemInit)
    i.UART0_IRQHandler                       0x000022b8   Section        0  uart_lpc17xx.o(i.UART0_IRQHandler)
    i.USART0_Control                         0x000022c8   Section        0  uart_lpc17xx.o(i.USART0_Control)
    USART0_Control                           0x000022c9   Thumb Code    18  uart_lpc17xx.o(i.USART0_Control)
    i.USART0_GPDMA_Rx_Event                  0x000022e0   Section        0  uart_lpc17xx.o(i.USART0_GPDMA_Rx_Event)
    i.USART0_GPDMA_Tx_Event                  0x000022f4   Section        0  uart_lpc17xx.o(i.USART0_GPDMA_Tx_Event)
    i.USART0_GetCapabilities                 0x00002308   Section        0  uart_lpc17xx.o(i.USART0_GetCapabilities)
    USART0_GetCapabilities                   0x00002309   Thumb Code    12  uart_lpc17xx.o(i.USART0_GetCapabilities)
    i.USART0_GetModemStatus                  0x00002318   Section        0  uart_lpc17xx.o(i.USART0_GetModemStatus)
    USART0_GetModemStatus                    0x00002319   Thumb Code    12  uart_lpc17xx.o(i.USART0_GetModemStatus)
    i.USART0_GetRxCount                      0x00002328   Section        0  uart_lpc17xx.o(i.USART0_GetRxCount)
    USART0_GetRxCount                        0x00002329   Thumb Code    10  uart_lpc17xx.o(i.USART0_GetRxCount)
    i.USART0_GetStatus                       0x00002338   Section        0  uart_lpc17xx.o(i.USART0_GetStatus)
    USART0_GetStatus                         0x00002339   Thumb Code    12  uart_lpc17xx.o(i.USART0_GetStatus)
    i.USART0_GetTxCount                      0x00002348   Section        0  uart_lpc17xx.o(i.USART0_GetTxCount)
    USART0_GetTxCount                        0x00002349   Thumb Code    10  uart_lpc17xx.o(i.USART0_GetTxCount)
    i.USART0_Initialize                      0x00002358   Section        0  uart_lpc17xx.o(i.USART0_Initialize)
    USART0_Initialize                        0x00002359   Thumb Code    14  uart_lpc17xx.o(i.USART0_Initialize)
    i.USART0_PowerControl                    0x0000236c   Section        0  uart_lpc17xx.o(i.USART0_PowerControl)
    USART0_PowerControl                      0x0000236d   Thumb Code    14  uart_lpc17xx.o(i.USART0_PowerControl)
    i.USART0_Receive                         0x00002380   Section        0  uart_lpc17xx.o(i.USART0_Receive)
    USART0_Receive                           0x00002381   Thumb Code    18  uart_lpc17xx.o(i.USART0_Receive)
    i.USART0_Send                            0x00002398   Section        0  uart_lpc17xx.o(i.USART0_Send)
    USART0_Send                              0x00002399   Thumb Code    18  uart_lpc17xx.o(i.USART0_Send)
    i.USART0_SetModemControl                 0x000023b0   Section        0  uart_lpc17xx.o(i.USART0_SetModemControl)
    USART0_SetModemControl                   0x000023b1   Thumb Code    14  uart_lpc17xx.o(i.USART0_SetModemControl)
    i.USART0_Transfer                        0x000023c4   Section        0  uart_lpc17xx.o(i.USART0_Transfer)
    USART0_Transfer                          0x000023c5   Thumb Code    22  uart_lpc17xx.o(i.USART0_Transfer)
    i.USART0_Uninitialize                    0x000023e0   Section        0  uart_lpc17xx.o(i.USART0_Uninitialize)
    USART0_Uninitialize                      0x000023e1   Thumb Code    10  uart_lpc17xx.o(i.USART0_Uninitialize)
    i.USART_Control                          0x000023f0   Section        0  uart_lpc17xx.o(i.USART_Control)
    USART_Control                            0x000023f1   Thumb Code  1598  uart_lpc17xx.o(i.USART_Control)
    i.USART_GPDMA_Rx_Event                   0x00002a34   Section        0  uart_lpc17xx.o(i.USART_GPDMA_Rx_Event)
    USART_GPDMA_Rx_Event                     0x00002a35   Thumb Code   134  uart_lpc17xx.o(i.USART_GPDMA_Rx_Event)
    i.USART_GPDMA_Tx_Event                   0x00002aba   Section        0  uart_lpc17xx.o(i.USART_GPDMA_Tx_Event)
    USART_GPDMA_Tx_Event                     0x00002abb   Thumb Code    74  uart_lpc17xx.o(i.USART_GPDMA_Tx_Event)
    i.USART_GetCapabilities                  0x00002b04   Section        0  uart_lpc17xx.o(i.USART_GetCapabilities)
    USART_GetCapabilities                    0x00002b05   Thumb Code     6  uart_lpc17xx.o(i.USART_GetCapabilities)
    i.USART_GetModemStatus                   0x00002b0a   Section        0  uart_lpc17xx.o(i.USART_GetModemStatus)
    USART_GetModemStatus                     0x00002b0b   Thumb Code   236  uart_lpc17xx.o(i.USART_GetModemStatus)
    i.USART_GetRxCount                       0x00002bf6   Section        0  uart_lpc17xx.o(i.USART_GetRxCount)
    USART_GetRxCount                         0x00002bf7   Thumb Code    28  uart_lpc17xx.o(i.USART_GetRxCount)
    i.USART_GetStatus                        0x00002c12   Section        0  uart_lpc17xx.o(i.USART_GetStatus)
    USART_GetStatus                          0x00002c13   Thumb Code   188  uart_lpc17xx.o(i.USART_GetStatus)
    i.USART_GetTxCount                       0x00002cce   Section        0  uart_lpc17xx.o(i.USART_GetTxCount)
    USART_GetTxCount                         0x00002ccf   Thumb Code    28  uart_lpc17xx.o(i.USART_GetTxCount)
    i.USART_IRQHandler                       0x00002cea   Section        0  uart_lpc17xx.o(i.USART_IRQHandler)
    USART_IRQHandler                         0x00002ceb   Thumb Code   534  uart_lpc17xx.o(i.USART_IRQHandler)
    i.USART_Initialize                       0x00002f00   Section        0  uart_lpc17xx.o(i.USART_Initialize)
    USART_Initialize                         0x00002f01   Thumb Code   254  uart_lpc17xx.o(i.USART_Initialize)
    i.USART_PowerControl                     0x00003000   Section        0  uart_lpc17xx.o(i.USART_PowerControl)
    USART_PowerControl                       0x00003001   Thumb Code   548  uart_lpc17xx.o(i.USART_PowerControl)
    i.USART_Receive                          0x00003228   Section        0  uart_lpc17xx.o(i.USART_Receive)
    USART_Receive                            0x00003229   Thumb Code   272  uart_lpc17xx.o(i.USART_Receive)
    i.USART_RxLineIntHandler                 0x00003338   Section        0  uart_lpc17xx.o(i.USART_RxLineIntHandler)
    USART_RxLineIntHandler                   0x00003339   Thumb Code   104  uart_lpc17xx.o(i.USART_RxLineIntHandler)
    i.USART_Send                             0x000033a0   Section        0  uart_lpc17xx.o(i.USART_Send)
    USART_Send                               0x000033a1   Thumb Code   412  uart_lpc17xx.o(i.USART_Send)
    i.USART_SetBaudrate                      0x0000353c   Section        0  uart_lpc17xx.o(i.USART_SetBaudrate)
    i.USART_SetModemControl                  0x00003670   Section        0  uart_lpc17xx.o(i.USART_SetModemControl)
    USART_SetModemControl                    0x00003671   Thumb Code   160  uart_lpc17xx.o(i.USART_SetModemControl)
    i.USART_Transfer                         0x00003710   Section        0  uart_lpc17xx.o(i.USART_Transfer)
    USART_Transfer                           0x00003711   Thumb Code   122  uart_lpc17xx.o(i.USART_Transfer)
    i.USART_Uninitialize                     0x0000378a   Section        0  uart_lpc17xx.o(i.USART_Uninitialize)
    USART_Uninitialize                       0x0000378b   Thumb Code   226  uart_lpc17xx.o(i.USART_Uninitialize)
    i.USARTx_GetVersion                      0x0000386c   Section        0  uart_lpc17xx.o(i.USARTx_GetVersion)
    USARTx_GetVersion                        0x0000386d   Thumb Code    10  uart_lpc17xx.o(i.USARTx_GetVersion)
    i.__NVIC_ClearPendingIRQ                 0x0000387c   Section        0  ssp_lpc17xx.o(i.__NVIC_ClearPendingIRQ)
    __NVIC_ClearPendingIRQ                   0x0000387d   Thumb Code    22  ssp_lpc17xx.o(i.__NVIC_ClearPendingIRQ)
    i.__NVIC_ClearPendingIRQ                 0x00003898   Section        0  uart_lpc17xx.o(i.__NVIC_ClearPendingIRQ)
    __NVIC_ClearPendingIRQ                   0x00003899   Thumb Code    22  uart_lpc17xx.o(i.__NVIC_ClearPendingIRQ)
    i.__NVIC_ClearPendingIRQ                 0x000038b4   Section        0  gpdma_lpc17xx.o(i.__NVIC_ClearPendingIRQ)
    __NVIC_ClearPendingIRQ                   0x000038b5   Thumb Code    22  gpdma_lpc17xx.o(i.__NVIC_ClearPendingIRQ)
    i.delay_ms                               0x000038d0   Section        0  glcd_mcb1700.o(i.delay_ms)
    delay_ms                                 0x000038d1   Thumb Code    38  glcd_mcb1700.o(i.delay_ms)
    i.etatDeSante                            0x000038fc   Section        0  main.o(i.etatDeSante)
    i.main                                   0x0000396c   Section        0  main.o(i.main)
    i.rd_dat                                 0x00003978   Section        0  glcd_mcb1700.o(i.rd_dat)
    rd_dat                                   0x00003979   Thumb Code    64  glcd_mcb1700.o(i.rd_dat)
    i.rd_id_man                              0x000039bc   Section        0  glcd_mcb1700.o(i.rd_id_man)
    rd_id_man                                0x000039bd   Thumb Code   196  glcd_mcb1700.o(i.rd_id_man)
    i.rd_reg                                 0x00003a84   Section        0  glcd_mcb1700.o(i.rd_reg)
    rd_reg                                   0x00003a85   Thumb Code    16  glcd_mcb1700.o(i.rd_reg)
    i.spi_tran                               0x00003a94   Section        0  glcd_mcb1700.o(i.spi_tran)
    spi_tran                                 0x00003a95   Thumb Code    40  glcd_mcb1700.o(i.spi_tran)
    i.spi_tran_man                           0x00003ac0   Section        0  glcd_mcb1700.o(i.spi_tran_man)
    spi_tran_man                             0x00003ac1   Thumb Code   132  glcd_mcb1700.o(i.spi_tran_man)
    i.wr_cmd                                 0x00003b48   Section        0  glcd_mcb1700.o(i.wr_cmd)
    wr_cmd                                   0x00003b49   Thumb Code    70  glcd_mcb1700.o(i.wr_cmd)
    i.wr_dat_only                            0x00003b94   Section        0  glcd_mcb1700.o(i.wr_dat_only)
    wr_dat_only                              0x00003b95   Thumb Code    46  glcd_mcb1700.o(i.wr_dat_only)
    i.wr_dat_start                           0x00003bc8   Section        0  glcd_mcb1700.o(i.wr_dat_start)
    wr_dat_start                             0x00003bc9   Thumb Code    20  glcd_mcb1700.o(i.wr_dat_start)
    i.wr_dat_stop                            0x00003be0   Section        0  glcd_mcb1700.o(i.wr_dat_stop)
    wr_dat_stop                              0x00003be1   Thumb Code    14  glcd_mcb1700.o(i.wr_dat_stop)
    i.wr_reg                                 0x00003bf4   Section        0  glcd_mcb1700.o(i.wr_reg)
    wr_reg                                   0x00003bf5   Thumb Code   140  glcd_mcb1700.o(i.wr_reg)
    .constdata                               0x00003c84   Section     6304  glcd_fonts.o(.constdata)
    Font_6x8_h                               0x00003c84   Data         896  glcd_fonts.o(.constdata)
    Font_16x24_h                             0x00004004   Data        5376  glcd_fonts.o(.constdata)
    .constdata                               0x00005524   Section      124  ssp_lpc17xx.o(.constdata)
    DriverVersion                            0x00005524   Data           4  ssp_lpc17xx.o(.constdata)
    DriverCapabilities                       0x00005528   Data           4  ssp_lpc17xx.o(.constdata)
    SSP1_Resources                           0x0000552c   Data          72  ssp_lpc17xx.o(.constdata)
    .constdata                               0x000055a0   Section      464  uart_lpc17xx.o(.constdata)
    usart_driver_version                     0x000055a0   Data           4  uart_lpc17xx.o(.constdata)
    fract_div_lookup_table                   0x000055a4   Data         288  uart_lpc17xx.o(.constdata)
    UART0_DMA_Tx                             0x000056c4   Data           8  uart_lpc17xx.o(.constdata)
    UART0_DMA_Rx                             0x000056cc   Data           8  uart_lpc17xx.o(.constdata)
    USART0_Resources                         0x000056d4   Data         100  uart_lpc17xx.o(.constdata)
    .data                                    0x10000000   Section       20  main.o(.data)
    .data                                    0x10000014   Section       17  glcd_mcb1700.o(.data)
    spi1_pins                                0x10000014   Data           8  glcd_mcb1700.o(.data)
    foreground_color                         0x1000001c   Data           2  glcd_mcb1700.o(.data)
    background_color                         0x1000001e   Data           2  glcd_mcb1700.o(.data)
    active_font                              0x10000020   Data           4  glcd_mcb1700.o(.data)
    Himax                                    0x10000024   Data           1  glcd_mcb1700.o(.data)
    .data                                    0x10000028   Section       16  ssp_lpc17xx.o(.data)
    SSP1_pin_sck                             0x10000028   Data           2  ssp_lpc17xx.o(.data)
    SSP1_pin_miso                            0x1000002a   Data           2  ssp_lpc17xx.o(.data)
    SSP1_pin_mosi                            0x1000002c   Data           2  ssp_lpc17xx.o(.data)
    SSP1_pin_ssel                            0x1000002e   Data           2  ssp_lpc17xx.o(.data)
    dummy_data                               0x10000030   Data           4  ssp_lpc17xx.o(.data)
    dummy_data                               0x10000034   Data           4  ssp_lpc17xx.o(.data)
    .data                                    0x10000038   Section        4  uart_lpc17xx.o(.data)
    USART0_pin_tx                            0x10000038   Data           2  uart_lpc17xx.o(.data)
    USART0_pin_rx                            0x1000003a   Data           2  uart_lpc17xx.o(.data)
    .data                                    0x1000003c   Section        8  gpdma_lpc17xx.o(.data)
    Channel_active                           0x1000003c   Data           4  gpdma_lpc17xx.o(.data)
    Init_cnt                                 0x10000040   Data           4  gpdma_lpc17xx.o(.data)
    .data                                    0x10000044   Section        4  system_lpc17xx.o(.data)
    .bss                                     0x10000048   Section       40  ssp_lpc17xx.o(.bss)
    SSP1_Info                                0x10000048   Data          12  ssp_lpc17xx.o(.bss)
    SSP1_Xfer                                0x10000054   Data          28  ssp_lpc17xx.o(.bss)
    .bss                                     0x10000070   Section       52  uart_lpc17xx.o(.bss)
    USART0_Info                              0x10000070   Data          52  uart_lpc17xx.o(.bss)
    .bss                                     0x100000a4   Section      160  gpdma_lpc17xx.o(.bss)
    Channel_info                             0x100000a4   Data         160  gpdma_lpc17xx.o(.bss)
    .bss                                     0x10000144   Section       96  libspace.o(.bss)
    HEAP                                     0x100001a8   Section        0  startup_lpc17xx.o(HEAP)
    STACK                                    0x100001a8   Section      512  startup_lpc17xx.o(STACK)
    Heap_Mem                                 0x100001a8   Data           0  startup_lpc17xx.o(HEAP)
    Stack_Mem                                0x100001a8   Data         512  startup_lpc17xx.o(STACK)
    __initial_sp                             0x100003a8   Data           0  startup_lpc17xx.o(STACK)

    Global Symbols

    Symbol Name                              Value     Ov Type        Size  Object(Section)

    BuildAttributes$$THM_ISAv4$P$D$K$B$S$PE$A:L22UL41UL21$X:L11$S22US41US21$IEEE1$IW$USESV6$~STKCKD$USESV7$~SHL$OSPACE$ROPI$EBA8$UX$STANDARDLIB$REQ8$PRES8$EABIv2 0x00000000   Number         0  anon$$obj.o ABSOLUTE
    __ARM_use_no_argv                        0x00000000   Number         0  main.o ABSOLUTE
    __Vectors                                0x00000000   Data           4  startup_lpc17xx.o(RESET)
    __ARM_exceptions_init                     - Undefined Weak Reference
    __alloca_initialize                       - Undefined Weak Reference
    __arm_preinit_                            - Undefined Weak Reference
    __cpp_initialize__aeabi_                  - Undefined Weak Reference
    __cxa_finalize                            - Undefined Weak Reference
    __rt_locale                               - Undefined Weak Reference
    __sigvec_lookup                           - Undefined Weak Reference
    _atexit_init                              - Undefined Weak Reference
    _call_atexit_fns                          - Undefined Weak Reference
    _clock_init                               - Undefined Weak Reference
    _fp_trap_init                             - Undefined Weak Reference
    _fp_trap_shutdown                         - Undefined Weak Reference
    _get_lc_collate                           - Undefined Weak Reference
    _get_lc_ctype                             - Undefined Weak Reference
    _get_lc_monetary                          - Undefined Weak Reference
    _get_lc_numeric                           - Undefined Weak Reference
    _get_lc_time                              - Undefined Weak Reference
    _getenv_init                              - Undefined Weak Reference
    _handle_redirection                       - Undefined Weak Reference
    _init_alloc                               - Undefined Weak Reference
    _init_user_alloc                          - Undefined Weak Reference
    _initio                                   - Undefined Weak Reference
    _rand_init                                - Undefined Weak Reference
    _signal_finish                            - Undefined Weak Reference
    _signal_init                              - Undefined Weak Reference
    _terminate_alloc                          - Undefined Weak Reference
    _terminate_user_alloc                     - Undefined Weak Reference
    _terminateio                              - Undefined Weak Reference
    __main                                   0x000000cd   Thumb Code     8  __main.o(!!!main)
    __scatterload                            0x000000d5   Thumb Code     0  __scatter.o(!!!scatter)
    __scatterload_rt2                        0x000000d5   Thumb Code    44  __scatter.o(!!!scatter)
    __scatterload_rt2_thumb_only             0x000000d5   Thumb Code     0  __scatter.o(!!!scatter)
    __scatterload_null                       0x000000e3   Thumb Code     0  __scatter.o(!!!scatter)
    __scatterload_copy                       0x00000109   Thumb Code    26  __scatter_copy.o(!!handler_copy)
    __scatterload_zeroinit                   0x00000125   Thumb Code    28  __scatter_zi.o(!!handler_zi)
    __rt_lib_init                            0x00000141   Thumb Code     0  libinit.o(.ARM.Collect$$libinit$$00000000)
    __rt_lib_init_alloca_1                   0x00000143   Thumb Code     0  libinit2.o(.ARM.Collect$$libinit$$0000002E)
    __rt_lib_init_argv_1                     0x00000143   Thumb Code     0  libinit2.o(.ARM.Collect$$libinit$$0000002C)
    __rt_lib_init_atexit_1                   0x00000143   Thumb Code     0  libinit2.o(.ARM.Collect$$libinit$$0000001B)
    __rt_lib_init_clock_1                    0x00000143   Thumb Code     0  libinit2.o(.ARM.Collect$$libinit$$00000021)
    __rt_lib_init_cpp_1                      0x00000143   Thumb Code     0  libinit2.o(.ARM.Collect$$libinit$$00000032)
    __rt_lib_init_exceptions_1               0x00000143   Thumb Code     0  libinit2.o(.ARM.Collect$$libinit$$00000030)
    __rt_lib_init_fp_1                       0x00000143   Thumb Code     0  libinit2.o(.ARM.Collect$$libinit$$00000002)
    __rt_lib_init_fp_trap_1                  0x00000143   Thumb Code     0  libinit2.o(.ARM.Collect$$libinit$$0000001F)
    __rt_lib_init_getenv_1                   0x00000143   Thumb Code     0  libinit2.o(.ARM.Collect$$libinit$$00000023)
    __rt_lib_init_heap_1                     0x00000143   Thumb Code     0  libinit2.o(.ARM.Collect$$libinit$$0000000A)
    __rt_lib_init_lc_collate_1               0x00000143   Thumb Code     0  libinit2.o(.ARM.Collect$$libinit$$00000011)
    __rt_lib_init_lc_ctype_1                 0x00000143   Thumb Code     0  libinit2.o(.ARM.Collect$$libinit$$00000013)
    __rt_lib_init_lc_monetary_1              0x00000143   Thumb Code     0  libinit2.o(.ARM.Collect$$libinit$$00000015)
    __rt_lib_init_lc_numeric_1               0x00000143   Thumb Code     0  libinit2.o(.ARM.Collect$$libinit$$00000017)
    __rt_lib_init_lc_time_1                  0x00000143   Thumb Code     0  libinit2.o(.ARM.Collect$$libinit$$00000019)
    __rt_lib_init_preinit_1                  0x00000143   Thumb Code     0  libinit2.o(.ARM.Collect$$libinit$$00000004)
    __rt_lib_init_rand_1                     0x00000143   Thumb Code     0  libinit2.o(.ARM.Collect$$libinit$$0000000E)
    __rt_lib_init_return                     0x00000143   Thumb Code     0  libinit2.o(.ARM.Collect$$libinit$$00000033)
    __rt_lib_init_signal_1                   0x00000143   Thumb Code     0  libinit2.o(.ARM.Collect$$libinit$$0000001D)
    __rt_lib_init_stdio_1                    0x00000143   Thumb Code     0  libinit2.o(.ARM.Collect$$libinit$$00000025)
    __rt_lib_init_user_alloc_1               0x00000143   Thumb Code     0  libinit2.o(.ARM.Collect$$libinit$$0000000C)
    __rt_lib_shutdown                        0x00000145   Thumb Code     0  libshutdown.o(.ARM.Collect$$libshutdown$$00000000)
    __rt_lib_shutdown_cpp_1                  0x00000147   Thumb Code     0  libshutdown2.o(.ARM.Collect$$libshutdown$$00000002)
    __rt_lib_shutdown_fp_trap_1              0x00000147   Thumb Code     0  libshutdown2.o(.ARM.Collect$$libshutdown$$00000007)
    __rt_lib_shutdown_heap_1                 0x00000147   Thumb Code     0  libshutdown2.o(.ARM.Collect$$libshutdown$$0000000F)
    __rt_lib_shutdown_return                 0x00000147   Thumb Code     0  libshutdown2.o(.ARM.Collect$$libshutdown$$00000010)
    __rt_lib_shutdown_signal_1               0x00000147   Thumb Code     0  libshutdown2.o(.ARM.Collect$$libshutdown$$0000000A)
    __rt_lib_shutdown_stdio_1                0x00000147   Thumb Code     0  libshutdown2.o(.ARM.Collect$$libshutdown$$00000004)
    __rt_lib_shutdown_user_alloc_1           0x00000147   Thumb Code     0  libshutdown2.o(.ARM.Collect$$libshutdown$$0000000C)
    __rt_entry                               0x00000149   Thumb Code     0  __rtentry.o(.ARM.Collect$$rtentry$$00000000)
    __rt_entry_presh_1                       0x00000149   Thumb Code     0  __rtentry2.o(.ARM.Collect$$rtentry$$00000002)
    __rt_entry_sh                            0x00000149   Thumb Code     0  __rtentry4.o(.ARM.Collect$$rtentry$$00000004)
    __rt_entry_li                            0x0000014f   Thumb Code     0  __rtentry2.o(.ARM.Collect$$rtentry$$0000000A)
    __rt_entry_postsh_1                      0x0000014f   Thumb Code     0  __rtentry2.o(.ARM.Collect$$rtentry$$00000009)
    __rt_entry_main                          0x00000153   Thumb Code     0  __rtentry2.o(.ARM.Collect$$rtentry$$0000000D)
    __rt_entry_postli_1                      0x00000153   Thumb Code     0  __rtentry2.o(.ARM.Collect$$rtentry$$0000000C)
    __rt_exit                                0x0000015b   Thumb Code     0  rtexit.o(.ARM.Collect$$rtexit$$00000000)
    __rt_exit_ls                             0x0000015d   Thumb Code     0  rtexit2.o(.ARM.Collect$$rtexit$$00000003)
    __rt_exit_prels_1                        0x0000015d   Thumb Code     0  rtexit2.o(.ARM.Collect$$rtexit$$00000002)
    __rt_exit_exit                           0x00000161   Thumb Code     0  rtexit2.o(.ARM.Collect$$rtexit$$00000004)
    Reset_Handler                            0x00000169   Thumb Code     8  startup_lpc17xx.o(.text)
    NMI_Handler                              0x00000171   Thumb Code     2  startup_lpc17xx.o(.text)
    HardFault_Handler                        0x00000173   Thumb Code     2  startup_lpc17xx.o(.text)
    MemManage_Handler                        0x00000175   Thumb Code     2  startup_lpc17xx.o(.text)
    BusFault_Handler                         0x00000177   Thumb Code     2  startup_lpc17xx.o(.text)
    UsageFault_Handler                       0x00000179   Thumb Code     2  startup_lpc17xx.o(.text)
    SVC_Handler                              0x0000017b   Thumb Code     2  startup_lpc17xx.o(.text)
    DebugMon_Handler                         0x0000017d   Thumb Code     2  startup_lpc17xx.o(.text)
    PendSV_Handler                           0x0000017f   Thumb Code     2  startup_lpc17xx.o(.text)
    SysTick_Handler                          0x00000181   Thumb Code     2  startup_lpc17xx.o(.text)
    ADC_IRQHandler                           0x00000183   Thumb Code     0  startup_lpc17xx.o(.text)
    BOD_IRQHandler                           0x00000183   Thumb Code     0  startup_lpc17xx.o(.text)
    CANActivity_IRQHandler                   0x00000183   Thumb Code     0  startup_lpc17xx.o(.text)
    CAN_IRQHandler                           0x00000183   Thumb Code     0  startup_lpc17xx.o(.text)
    EINT0_IRQHandler                         0x00000183   Thumb Code     0  startup_lpc17xx.o(.text)
    EINT1_IRQHandler                         0x00000183   Thumb Code     0  startup_lpc17xx.o(.text)
    EINT2_IRQHandler                         0x00000183   Thumb Code     0  startup_lpc17xx.o(.text)
    EINT3_IRQHandler                         0x00000183   Thumb Code     0  startup_lpc17xx.o(.text)
    ENET_IRQHandler                          0x00000183   Thumb Code     0  startup_lpc17xx.o(.text)
    I2C0_IRQHandler                          0x00000183   Thumb Code     0  startup_lpc17xx.o(.text)
    I2C1_IRQHandler                          0x00000183   Thumb Code     0  startup_lpc17xx.o(.text)
    I2C2_IRQHandler                          0x00000183   Thumb Code     0  startup_lpc17xx.o(.text)
    I2S_IRQHandler                           0x00000183   Thumb Code     0  startup_lpc17xx.o(.text)
    MCPWM_IRQHandler                         0x00000183   Thumb Code     0  startup_lpc17xx.o(.text)
    PLL0_IRQHandler                          0x00000183   Thumb Code     0  startup_lpc17xx.o(.text)
    PLL1_IRQHandler                          0x00000183   Thumb Code     0  startup_lpc17xx.o(.text)
    PWM1_IRQHandler                          0x00000183   Thumb Code     0  startup_lpc17xx.o(.text)
    QEI_IRQHandler                           0x00000183   Thumb Code     0  startup_lpc17xx.o(.text)
    RIT_IRQHandler                           0x00000183   Thumb Code     0  startup_lpc17xx.o(.text)
    RTC_IRQHandler                           0x00000183   Thumb Code     0  startup_lpc17xx.o(.text)
    SPI_IRQHandler                           0x00000183   Thumb Code     0  startup_lpc17xx.o(.text)
    SSP0_IRQHandler                          0x00000183   Thumb Code     0  startup_lpc17xx.o(.text)
    TIMER0_IRQHandler                        0x00000183   Thumb Code     0  startup_lpc17xx.o(.text)
    TIMER1_IRQHandler                        0x00000183   Thumb Code     0  startup_lpc17xx.o(.text)
    TIMER2_IRQHandler                        0x00000183   Thumb Code     0  startup_lpc17xx.o(.text)
    TIMER3_IRQHandler                        0x00000183   Thumb Code     0  startup_lpc17xx.o(.text)
    UART1_IRQHandler                         0x00000183   Thumb Code     0  startup_lpc17xx.o(.text)
    UART2_IRQHandler                         0x00000183   Thumb Code     0  startup_lpc17xx.o(.text)
    UART3_IRQHandler                         0x00000183   Thumb Code     0  startup_lpc17xx.o(.text)
    USBActivity_IRQHandler                   0x00000183   Thumb Code     0  startup_lpc17xx.o(.text)
    USB_IRQHandler                           0x00000183   Thumb Code     0  startup_lpc17xx.o(.text)
    WDT_IRQHandler                           0x00000183   Thumb Code     0  startup_lpc17xx.o(.text)
    __user_initial_stackheap                 0x00000185   Thumb Code     0  startup_lpc17xx.o(.text)
    __aeabi_uldivmod                         0x000001a5   Thumb Code     0  lludivv7m.o(.text)
    _ll_udiv                                 0x000001a5   Thumb Code   238  lludivv7m.o(.text)
    __aeabi_memclr4                          0x00000293   Thumb Code     0  rt_memclr_w.o(.text)
    __aeabi_memclr8                          0x00000293   Thumb Code     0  rt_memclr_w.o(.text)
    __rt_memclr_w                            0x00000293   Thumb Code    78  rt_memclr_w.o(.text)
    _memset_w                                0x00000297   Thumb Code     0  rt_memclr_w.o(.text)
    __use_two_region_memory                  0x000002e1   Thumb Code     2  heapauxi.o(.text)
    __rt_heap_escrow$2region                 0x000002e3   Thumb Code     2  heapauxi.o(.text)
    __rt_heap_expand$2region                 0x000002e5   Thumb Code     2  heapauxi.o(.text)
    exit                                     0x000002e7   Thumb Code    18  exit.o(.text)
    __I$use$semihosting                      0x000002f9   Thumb Code     0  use_no_semi.o(.text)
    __use_no_semihosting_swi                 0x000002f9   Thumb Code     2  use_no_semi.o(.text)
    __semihosting_library_function           0x000002fb   Thumb Code     0  indicate_semi.o(.text)
    __user_setup_stackheap                   0x00000301   Thumb Code    74  sys_stackheap_outer.o(.text)
    __user_libspace                          0x0000034d   Thumb Code     8  libspace.o(.text)
    __user_perproc_libspace                  0x0000034d   Thumb Code     0  libspace.o(.text)
    __user_perthread_libspace                0x0000034d   Thumb Code     0  libspace.o(.text)
    _sys_exit                                0x00000355   Thumb Code     8  sys_exit.o(.text)
    DMA_IRQHandler                           0x00000381   Thumb Code   372  gpdma_lpc17xx.o(i.DMA_IRQHandler)
    GLCD_ClearScreen                         0x00000501   Thumb Code    44  glcd_mcb1700.o(i.GLCD_ClearScreen)
    GLCD_DrawChar                            0x00000531   Thumb Code   194  glcd_mcb1700.o(i.GLCD_DrawChar)
    GLCD_DrawString                          0x00000601   Thumb Code    38  glcd_mcb1700.o(i.GLCD_DrawString)
    GLCD_Initialize                          0x0000062d   Thumb Code  1462  glcd_mcb1700.o(i.GLCD_Initialize)
    GLCD_SetFont                             0x00000be5   Thumb Code    10  glcd_mcb1700.o(i.GLCD_SetFont)
    GLCD_SetWindow                           0x00000bf5   Thumb Code   168  glcd_mcb1700.o(i.GLCD_SetWindow)
    GLCD_WindowMax                           0x00000ca1   Thumb Code    18  glcd_mcb1700.o(i.GLCD_WindowMax)
    GPDMA_ChannelConfigure                   0x00000cb5   Thumb Code   232  gpdma_lpc17xx.o(i.GPDMA_ChannelConfigure)
    GPDMA_ChannelDisable                     0x00000da9   Thumb Code    44  gpdma_lpc17xx.o(i.GPDMA_ChannelDisable)
    GPDMA_ChannelGetCount                    0x00000dd9   Thumb Code    38  gpdma_lpc17xx.o(i.GPDMA_ChannelGetCount)
    GPDMA_Initialize                         0x00000e09   Thumb Code   146  gpdma_lpc17xx.o(i.GPDMA_Initialize)
    GPDMA_PeripheralSelect                   0x00000eb1   Thumb Code    62  gpdma_lpc17xx.o(i.GPDMA_PeripheralSelect)
    GPDMA_Uninitialize                       0x00000ef5   Thumb Code   116  gpdma_lpc17xx.o(i.GPDMA_Uninitialize)
    GPIO_PinRead                             0x00000f75   Thumb Code    28  gpio_lpc17xx.o(i.GPIO_PinRead)
    GPIO_PinWrite                            0x00000f95   Thumb Code    36  gpio_lpc17xx.o(i.GPIO_PinWrite)
    GPIO_PortClock                           0x00000fbd   Thumb Code    38  gpio_lpc17xx.o(i.GPIO_PortClock)
    GPIO_SetDir                              0x00000fe9   Thumb Code    52  gpio_lpc17xx.o(i.GPIO_SetDir)
    InitLidar                                0x000010a9   Thumb Code    26  main.o(i.InitLidar)
    Init_UART0                               0x000010c9   Thumb Code    52  main.o(i.Init_UART0)
    Initialise_GPIO                          0x00001101   Thumb Code    96  gpio.o(i.Initialise_GPIO)
    PIN_Configure                            0x00001169   Thumb Code   246  pin_lpc17xx.o(i.PIN_Configure)
    SSP1_GPDMA_Rx_SignalEvent                0x0000127d   Thumb Code    14  ssp_lpc17xx.o(i.SSP1_GPDMA_Rx_SignalEvent)
    SSP1_GPDMA_Tx_SignalEvent                0x00001291   Thumb Code    14  ssp_lpc17xx.o(i.SSP1_GPDMA_Tx_SignalEvent)
    SSP1_IRQHandler                          0x000012c5   Thumb Code    10  ssp_lpc17xx.o(i.SSP1_IRQHandler)
    SSPx_GPDMA_Rx_SignalEvent                0x00001893   Thumb Code    54  ssp_lpc17xx.o(i.SSPx_GPDMA_Rx_SignalEvent)
    SSPx_GPDMA_Tx_SignalEvent                0x000018c9   Thumb Code    28  ssp_lpc17xx.o(i.SSPx_GPDMA_Tx_SignalEvent)
    SystemInit                               0x00002179   Thumb Code   302  system_lpc17xx.o(i.SystemInit)
    UART0_IRQHandler                         0x000022b9   Thumb Code    10  uart_lpc17xx.o(i.UART0_IRQHandler)
    USART0_GPDMA_Rx_Event                    0x000022e1   Thumb Code    14  uart_lpc17xx.o(i.USART0_GPDMA_Rx_Event)
    USART0_GPDMA_Tx_Event                    0x000022f5   Thumb Code    14  uart_lpc17xx.o(i.USART0_GPDMA_Tx_Event)
    USART_SetBaudrate                        0x0000353d   Thumb Code   302  uart_lpc17xx.o(i.USART_SetBaudrate)
    etatDeSante                              0x000038fd   Thumb Code   102  main.o(i.etatDeSante)
    main                                     0x0000396d   Thumb Code    12  main.o(i.main)
    GLCD_Font_6x8                            0x00005504   Data          16  glcd_fonts.o(.constdata)
    GLCD_Font_16x24                          0x00005514   Data          16  glcd_fonts.o(.constdata)
    Driver_SPI1                              0x00005574   Data          44  ssp_lpc17xx.o(.constdata)
    Driver_USART0                            0x00005738   Data          56  uart_lpc17xx.o(.constdata)
    Region$$Table$$Base                      0x00005770   Number         0  anon$$obj.o(Region$$Table)
    Region$$Table$$Limit                     0x00005790   Number         0  anon$$obj.o(Region$$Table)
    Macros                                   0x10000000   Data           8  main.o(.data)
    SCAN                                     0x10000008   Data           5  main.o(.data)
    HEALTH                                   0x1000000d   Data           3  main.o(.data)
    SAMPLE                                   0x10000010   Data           4  main.o(.data)
    SystemCoreClock                          0x10000044   Data           4  system_lpc17xx.o(.data)
    __libspace_start                         0x10000144   Data          96  libspace.o(.bss)
    __temporary_stack_top$libspace           0x100001a4   Data           0  libspace.o(.bss)



==============================================================================

Memory Map of the image

  Image Entry point : 0x000000cd

  Load Region LR_IROM1 (Base: 0x00000000, Size: 0x000057d8, Max: 0x00080000, ABSOLUTE)

    Execution Region ER_IROM1 (Base: 0x00000000, Size: 0x00005790, Max: 0x00080000, ABSOLUTE)

    Base Addr    Size         Type   Attr      Idx    E Section Name        Object

    0x00000000   0x000000cc   Data   RO         1013    RESET               startup_lpc17xx.o
    0x000000cc   0x00000008   Code   RO         1065  * !!!main             c_w.l(__main.o)
    0x000000d4   0x00000034   Code   RO         1232    !!!scatter          c_w.l(__scatter.o)
    0x00000108   0x0000001a   Code   RO         1234    !!handler_copy      c_w.l(__scatter_copy.o)
    0x00000122   0x00000002   PAD
    0x00000124   0x0000001c   Code   RO         1236    !!handler_zi        c_w.l(__scatter_zi.o)
    0x00000140   0x00000002   Code   RO         1102    .ARM.Collect$$libinit$$00000000  c_w.l(libinit.o)
    0x00000142   0x00000000   Code   RO         1115    .ARM.Collect$$libinit$$00000002  c_w.l(libinit2.o)
    0x00000142   0x00000000   Code   RO         1117    .ARM.Collect$$libinit$$00000004  c_w.l(libinit2.o)
    0x00000142   0x00000000   Code   RO         1120    .ARM.Collect$$libinit$$0000000A  c_w.l(libinit2.o)
    0x00000142   0x00000000   Code   RO         1122    .ARM.Collect$$libinit$$0000000C  c_w.l(libinit2.o)
    0x00000142   0x00000000   Code   RO         1124    .ARM.Collect$$libinit$$0000000E  c_w.l(libinit2.o)
    0x00000142   0x00000000   Code   RO         1127    .ARM.Collect$$libinit$$00000011  c_w.l(libinit2.o)
    0x00000142   0x00000000   Code   RO         1129    .ARM.Collect$$libinit$$00000013  c_w.l(libinit2.o)
    0x00000142   0x00000000   Code   RO         1131    .ARM.Collect$$libinit$$00000015  c_w.l(libinit2.o)
    0x00000142   0x00000000   Code   RO         1133    .ARM.Collect$$libinit$$00000017  c_w.l(libinit2.o)
    0x00000142   0x00000000   Code   RO         1135    .ARM.Collect$$libinit$$00000019  c_w.l(libinit2.o)
    0x00000142   0x00000000   Code   RO         1137    .ARM.Collect$$libinit$$0000001B  c_w.l(libinit2.o)
    0x00000142   0x00000000   Code   RO         1139    .ARM.Collect$$libinit$$0000001D  c_w.l(libinit2.o)
    0x00000142   0x00000000   Code   RO         1141    .ARM.Collect$$libinit$$0000001F  c_w.l(libinit2.o)
    0x00000142   0x00000000   Code   RO         1143    .ARM.Collect$$libinit$$00000021  c_w.l(libinit2.o)
    0x00000142   0x00000000   Code   RO         1145    .ARM.Collect$$libinit$$00000023  c_w.l(libinit2.o)
    0x00000142   0x00000000   Code   RO         1147    .ARM.Collect$$libinit$$00000025  c_w.l(libinit2.o)
    0x00000142   0x00000000   Code   RO         1151    .ARM.Collect$$libinit$$0000002C  c_w.l(libinit2.o)
    0x00000142   0x00000000   Code   RO         1153    .ARM.Collect$$libinit$$0000002E  c_w.l(libinit2.o)
    0x00000142   0x00000000   Code   RO         1155    .ARM.Collect$$libinit$$00000030  c_w.l(libinit2.o)
    0x00000142   0x00000000   Code   RO         1157    .ARM.Collect$$libinit$$00000032  c_w.l(libinit2.o)
    0x00000142   0x00000002   Code   RO         1158    .ARM.Collect$$libinit$$00000033  c_w.l(libinit2.o)
    0x00000144   0x00000002   Code   RO         1189    .ARM.Collect$$libshutdown$$00000000  c_w.l(libshutdown.o)
    0x00000146   0x00000000   Code   RO         1215    .ARM.Collect$$libshutdown$$00000002  c_w.l(libshutdown2.o)
    0x00000146   0x00000000   Code   RO         1217    .ARM.Collect$$libshutdown$$00000004  c_w.l(libshutdown2.o)
    0x00000146   0x00000000   Code   RO         1220    .ARM.Collect$$libshutdown$$00000007  c_w.l(libshutdown2.o)
    0x00000146   0x00000000   Code   RO         1223    .ARM.Collect$$libshutdown$$0000000A  c_w.l(libshutdown2.o)
    0x00000146   0x00000000   Code   RO         1225    .ARM.Collect$$libshutdown$$0000000C  c_w.l(libshutdown2.o)
    0x00000146   0x00000000   Code   RO         1228    .ARM.Collect$$libshutdown$$0000000F  c_w.l(libshutdown2.o)
    0x00000146   0x00000002   Code   RO         1229    .ARM.Collect$$libshutdown$$00000010  c_w.l(libshutdown2.o)
    0x00000148   0x00000000   Code   RO         1067    .ARM.Collect$$rtentry$$00000000  c_w.l(__rtentry.o)
    0x00000148   0x00000000   Code   RO         1073    .ARM.Collect$$rtentry$$00000002  c_w.l(__rtentry2.o)
    0x00000148   0x00000006   Code   RO         1085    .ARM.Collect$$rtentry$$00000004  c_w.l(__rtentry4.o)
    0x0000014e   0x00000000   Code   RO         1075    .ARM.Collect$$rtentry$$00000009  c_w.l(__rtentry2.o)
    0x0000014e   0x00000004   Code   RO         1076    .ARM.Collect$$rtentry$$0000000A  c_w.l(__rtentry2.o)
    0x00000152   0x00000000   Code   RO         1078    .ARM.Collect$$rtentry$$0000000C  c_w.l(__rtentry2.o)
    0x00000152   0x00000008   Code   RO         1079    .ARM.Collect$$rtentry$$0000000D  c_w.l(__rtentry2.o)
    0x0000015a   0x00000002   Code   RO         1106    .ARM.Collect$$rtexit$$00000000  c_w.l(rtexit.o)
    0x0000015c   0x00000000   Code   RO         1162    .ARM.Collect$$rtexit$$00000002  c_w.l(rtexit2.o)
    0x0000015c   0x00000004   Code   RO         1163    .ARM.Collect$$rtexit$$00000003  c_w.l(rtexit2.o)
    0x00000160   0x00000006   Code   RO         1164    .ARM.Collect$$rtexit$$00000004  c_w.l(rtexit2.o)
    0x00000166   0x00000002   PAD
    0x00000168   0x0000003c   Code   RO         1015    .text               startup_lpc17xx.o
    0x000001a4   0x000000ee   Code   RO         1059    .text               c_w.l(lludivv7m.o)
    0x00000292   0x0000004e   Code   RO         1061    .text               c_w.l(rt_memclr_w.o)
    0x000002e0   0x00000006   Code   RO         1063    .text               c_w.l(heapauxi.o)
    0x000002e6   0x00000012   Code   RO         1091    .text               c_w.l(exit.o)
    0x000002f8   0x00000002   Code   RO         1178    .text               c_w.l(use_no_semi.o)
    0x000002fa   0x00000000   Code   RO         1180    .text               c_w.l(indicate_semi.o)
    0x000002fa   0x00000002   PAD
    0x000002fc   0x00000004   Code   RO         1014    .ARM.__at_0x02FC    startup_lpc17xx.o
    0x00000300   0x0000004a   Code   RO         1089    .text               c_w.l(sys_stackheap_outer.o)
    0x0000034a   0x00000002   PAD
    0x0000034c   0x00000008   Code   RO         1103    .text               c_w.l(libspace.o)
    0x00000354   0x0000000c   Code   RO         1159    .text               c_w.l(sys_exit.o)
    0x00000360   0x00000020   Code   RO          834    i.Clear_Channel_active_flag  gpdma_lpc17xx.o
    0x00000380   0x00000180   Code   RO          835    i.DMA_IRQHandler    gpdma_lpc17xx.o
    0x00000500   0x00000030   Code   RO          222    i.GLCD_ClearScreen  glcd_mcb1700.o
    0x00000530   0x000000d0   Code   RO          225    i.GLCD_DrawChar     glcd_mcb1700.o
    0x00000600   0x0000002c   Code   RO          229    i.GLCD_DrawString   glcd_mcb1700.o
    0x0000062c   0x000005b6   Code   RO          233    i.GLCD_Initialize   glcd_mcb1700.o
    0x00000be2   0x00000002   PAD
    0x00000be4   0x00000010   Code   RO          235    i.GLCD_SetFont      glcd_mcb1700.o
    0x00000bf4   0x000000ac   Code   RO          237    i.GLCD_SetWindow    glcd_mcb1700.o
    0x00000ca0   0x00000012   Code   RO          240    i.GLCD_WindowMax    glcd_mcb1700.o
    0x00000cb2   0x00000002   PAD
    0x00000cb4   0x000000f4   Code   RO          836    i.GPDMA_ChannelConfigure  gpdma_lpc17xx.o
    0x00000da8   0x00000030   Code   RO          837    i.GPDMA_ChannelDisable  gpdma_lpc17xx.o
    0x00000dd8   0x00000030   Code   RO          839    i.GPDMA_ChannelGetCount  gpdma_lpc17xx.o
    0x00000e08   0x000000a8   Code   RO          841    i.GPDMA_Initialize  gpdma_lpc17xx.o
    0x00000eb0   0x00000044   Code   RO          842    i.GPDMA_PeripheralSelect  gpdma_lpc17xx.o
    0x00000ef4   0x00000080   Code   RO          843    i.GPDMA_Uninitialize  gpdma_lpc17xx.o
    0x00000f74   0x00000020   Code   RO          924    i.GPIO_PinRead      gpio_lpc17xx.o
    0x00000f94   0x00000028   Code   RO          925    i.GPIO_PinWrite     gpio_lpc17xx.o
    0x00000fbc   0x0000002c   Code   RO          926    i.GPIO_PortClock    gpio_lpc17xx.o
    0x00000fe8   0x00000038   Code   RO          929    i.GPIO_SetDir       gpio_lpc17xx.o
    0x00001020   0x00000044   Code   RO          429    i.GetSSPClockFreq   ssp_lpc17xx.o
    0x00001064   0x00000044   Code   RO          619    i.GetUsartClockFreq  uart_lpc17xx.o
    0x000010a8   0x00000020   Code   RO            4    i.InitLidar         main.o
    0x000010c8   0x00000038   Code   RO            5    i.Init_UART0        main.o
    0x00001100   0x00000068   Code   RO          127    i.Initialise_GPIO   gpio.o
    0x00001168   0x000000fc   Code   RO          978    i.PIN_Configure     pin_lpc17xx.o
    0x00001264   0x00000018   Code   RO          430    i.SSP1_Control      ssp_lpc17xx.o
    0x0000127c   0x00000014   Code   RO          431    i.SSP1_GPDMA_Rx_SignalEvent  ssp_lpc17xx.o
    0x00001290   0x00000014   Code   RO          432    i.SSP1_GPDMA_Tx_SignalEvent  ssp_lpc17xx.o
    0x000012a4   0x00000010   Code   RO          433    i.SSP1_GetDataCount  ssp_lpc17xx.o
    0x000012b4   0x00000010   Code   RO          434    i.SSP1_GetStatus    ssp_lpc17xx.o
    0x000012c4   0x00000010   Code   RO          435    i.SSP1_IRQHandler   ssp_lpc17xx.o
    0x000012d4   0x00000014   Code   RO          436    i.SSP1_Initialize   ssp_lpc17xx.o
    0x000012e8   0x00000014   Code   RO          437    i.SSP1_PowerControl  ssp_lpc17xx.o
    0x000012fc   0x00000018   Code   RO          438    i.SSP1_Receive      ssp_lpc17xx.o
    0x00001314   0x00000018   Code   RO          439    i.SSP1_Send         ssp_lpc17xx.o
    0x0000132c   0x0000001c   Code   RO          440    i.SSP1_Transfer     ssp_lpc17xx.o
    0x00001348   0x00000010   Code   RO          441    i.SSP1_Uninitialize  ssp_lpc17xx.o
    0x00001358   0x0000000c   Code   RO          442    i.SSP_GetCapabilities  ssp_lpc17xx.o
    0x00001364   0x00000010   Code   RO          443    i.SSP_GetVersion    ssp_lpc17xx.o
    0x00001374   0x0000051e   Code   RO          444    i.SSPx_Control      ssp_lpc17xx.o
    0x00001892   0x00000036   Code   RO          445    i.SSPx_GPDMA_Rx_SignalEvent  ssp_lpc17xx.o
    0x000018c8   0x0000001c   Code   RO          446    i.SSPx_GPDMA_Tx_SignalEvent  ssp_lpc17xx.o
    0x000018e4   0x0000002c   Code   RO          447    i.SSPx_GetDataCount  ssp_lpc17xx.o
    0x00001910   0x0000005a   Code   RO          448    i.SSPx_GetStatus    ssp_lpc17xx.o
    0x0000196a   0x00000104   Code   RO          449    i.SSPx_IRQHandler   ssp_lpc17xx.o
    0x00001a6e   0x000000a8   Code   RO          450    i.SSPx_Initialize   ssp_lpc17xx.o
    0x00001b16   0x00000002   PAD
    0x00001b18   0x000001b4   Code   RO          451    i.SSPx_PowerControl  ssp_lpc17xx.o
    0x00001ccc   0x0000015c   Code   RO          452    i.SSPx_Receive      ssp_lpc17xx.o
    0x00001e28   0x00000154   Code   RO          453    i.SSPx_Send         ssp_lpc17xx.o
    0x00001f7c   0x00000152   Code   RO          454    i.SSPx_Transfer     ssp_lpc17xx.o
    0x000020ce   0x00000070   Code   RO          455    i.SSPx_Uninitialize  ssp_lpc17xx.o
    0x0000213e   0x00000002   PAD
    0x00002140   0x00000038   Code   RO          844    i.Set_Channel_active_flag  gpdma_lpc17xx.o
    0x00002178   0x00000140   Code   RO         1025    i.SystemInit        system_lpc17xx.o
    0x000022b8   0x00000010   Code   RO          620    i.UART0_IRQHandler  uart_lpc17xx.o
    0x000022c8   0x00000018   Code   RO          621    i.USART0_Control    uart_lpc17xx.o
    0x000022e0   0x00000014   Code   RO          622    i.USART0_GPDMA_Rx_Event  uart_lpc17xx.o
    0x000022f4   0x00000014   Code   RO          623    i.USART0_GPDMA_Tx_Event  uart_lpc17xx.o
    0x00002308   0x00000010   Code   RO          624    i.USART0_GetCapabilities  uart_lpc17xx.o
    0x00002318   0x00000010   Code   RO          625    i.USART0_GetModemStatus  uart_lpc17xx.o
    0x00002328   0x00000010   Code   RO          626    i.USART0_GetRxCount  uart_lpc17xx.o
    0x00002338   0x00000010   Code   RO          627    i.USART0_GetStatus  uart_lpc17xx.o
    0x00002348   0x00000010   Code   RO          628    i.USART0_GetTxCount  uart_lpc17xx.o
    0x00002358   0x00000014   Code   RO          629    i.USART0_Initialize  uart_lpc17xx.o
    0x0000236c   0x00000014   Code   RO          630    i.USART0_PowerControl  uart_lpc17xx.o
    0x00002380   0x00000018   Code   RO          631    i.USART0_Receive    uart_lpc17xx.o
    0x00002398   0x00000018   Code   RO          632    i.USART0_Send       uart_lpc17xx.o
    0x000023b0   0x00000014   Code   RO          633    i.USART0_SetModemControl  uart_lpc17xx.o
    0x000023c4   0x0000001c   Code   RO          634    i.USART0_Transfer   uart_lpc17xx.o
    0x000023e0   0x00000010   Code   RO          635    i.USART0_Uninitialize  uart_lpc17xx.o
    0x000023f0   0x00000644   Code   RO          636    i.USART_Control     uart_lpc17xx.o
    0x00002a34   0x00000086   Code   RO          637    i.USART_GPDMA_Rx_Event  uart_lpc17xx.o
    0x00002aba   0x0000004a   Code   RO          638    i.USART_GPDMA_Tx_Event  uart_lpc17xx.o
    0x00002b04   0x00000006   Code   RO          639    i.USART_GetCapabilities  uart_lpc17xx.o
    0x00002b0a   0x000000ec   Code   RO          640    i.USART_GetModemStatus  uart_lpc17xx.o
    0x00002bf6   0x0000001c   Code   RO          641    i.USART_GetRxCount  uart_lpc17xx.o
    0x00002c12   0x000000bc   Code   RO          642    i.USART_GetStatus   uart_lpc17xx.o
    0x00002cce   0x0000001c   Code   RO          643    i.USART_GetTxCount  uart_lpc17xx.o
    0x00002cea   0x00000216   Code   RO          644    i.USART_IRQHandler  uart_lpc17xx.o
    0x00002f00   0x000000fe   Code   RO          645    i.USART_Initialize  uart_lpc17xx.o
    0x00002ffe   0x00000002   PAD
    0x00003000   0x00000228   Code   RO          646    i.USART_PowerControl  uart_lpc17xx.o
    0x00003228   0x00000110   Code   RO          647    i.USART_Receive     uart_lpc17xx.o
    0x00003338   0x00000068   Code   RO          648    i.USART_RxLineIntHandler  uart_lpc17xx.o
    0x000033a0   0x0000019c   Code   RO          649    i.USART_Send        uart_lpc17xx.o
    0x0000353c   0x00000134   Code   RO          650    i.USART_SetBaudrate  uart_lpc17xx.o
    0x00003670   0x000000a0   Code   RO          651    i.USART_SetModemControl  uart_lpc17xx.o
    0x00003710   0x0000007a   Code   RO          652    i.USART_Transfer    uart_lpc17xx.o
    0x0000378a   0x000000e2   Code   RO          653    i.USART_Uninitialize  uart_lpc17xx.o
    0x0000386c   0x00000010   Code   RO          654    i.USARTx_GetVersion  uart_lpc17xx.o
    0x0000387c   0x0000001c   Code   RO          456    i.__NVIC_ClearPendingIRQ  ssp_lpc17xx.o
    0x00003898   0x0000001c   Code   RO          655    i.__NVIC_ClearPendingIRQ  uart_lpc17xx.o
    0x000038b4   0x0000001c   Code   RO          845    i.__NVIC_ClearPendingIRQ  gpdma_lpc17xx.o
    0x000038d0   0x0000002c   Code   RO          241    i.delay_ms          glcd_mcb1700.o
    0x000038fc   0x00000070   Code   RO            7    i.etatDeSante       main.o
    0x0000396c   0x0000000c   Code   RO            8    i.main              main.o
    0x00003978   0x00000044   Code   RO          242    i.rd_dat            glcd_mcb1700.o
    0x000039bc   0x000000c8   Code   RO          243    i.rd_id_man         glcd_mcb1700.o
    0x00003a84   0x00000010   Code   RO          244    i.rd_reg            glcd_mcb1700.o
    0x00003a94   0x0000002c   Code   RO          245    i.spi_tran          glcd_mcb1700.o
    0x00003ac0   0x00000088   Code   RO          246    i.spi_tran_man      glcd_mcb1700.o
    0x00003b48   0x0000004c   Code   RO          247    i.wr_cmd            glcd_mcb1700.o
    0x00003b94   0x00000034   Code   RO          249    i.wr_dat_only       glcd_mcb1700.o
    0x00003bc8   0x00000018   Code   RO          250    i.wr_dat_start      glcd_mcb1700.o
    0x00003be0   0x00000014   Code   RO          251    i.wr_dat_stop       glcd_mcb1700.o
    0x00003bf4   0x00000090   Code   RO          252    i.wr_reg            glcd_mcb1700.o
    0x00003c84   0x000018a0   Data   RO          210    .constdata          glcd_fonts.o
    0x00005524   0x0000007c   Data   RO          458    .constdata          ssp_lpc17xx.o
    0x000055a0   0x000001d0   Data   RO          657    .constdata          uart_lpc17xx.o
    0x00005770   0x00000020   Data   RO         1230    Region$$Table       anon$$obj.o


    Execution Region RW_IRAM1 (Base: 0x10000000, Size: 0x000003a8, Max: 0x00008000, ABSOLUTE)

    Base Addr    Size         Type   Attr      Idx    E Section Name        Object

    0x10000000   0x00000014   Data   RW           12    .data               main.o
    0x10000014   0x00000011   Data   RW          253    .data               glcd_mcb1700.o
    0x10000025   0x00000003   PAD
    0x10000028   0x00000010   Data   RW          459    .data               ssp_lpc17xx.o
    0x10000038   0x00000004   Data   RW          658    .data               uart_lpc17xx.o
    0x1000003c   0x00000008   Data   RW          847    .data               gpdma_lpc17xx.o
    0x10000044   0x00000004   Data   RW         1026    .data               system_lpc17xx.o
    0x10000048   0x00000028   Zero   RW          457    .bss                ssp_lpc17xx.o
    0x10000070   0x00000034   Zero   RW          656    .bss                uart_lpc17xx.o
    0x100000a4   0x000000a0   Zero   RW          846    .bss                gpdma_lpc17xx.o
    0x10000144   0x00000060   Zero   RW         1104    .bss                c_w.l(libspace.o)
    0x100001a4   0x00000004   PAD
    0x100001a8   0x00000000   Zero   RW         1012    HEAP                startup_lpc17xx.o
    0x100001a8   0x00000200   Zero   RW         1011    STACK               startup_lpc17xx.o


==============================================================================

Image component sizes


      Code (inc. data)   RO Data    RW Data    ZI Data      Debug   Object Name

         0          0       6304          0          0        736   glcd_fonts.o
      2792         98          0         17          0      17446   glcd_mcb1700.o
      1204         94          0          8        160       8062   gpdma_lpc17xx.o
       104          8          0          0          0        370   gpio.o
       172         18          0          0          0       2294   gpio_lpc17xx.o
       212         20          0         20          0      31313   main.o
       252          6          0          0          0        804   pin_lpc17xx.o
      3896        106        124         16         40      53215   ssp_lpc17xx.o
        64         26        204          0        512        940   startup_lpc17xx.o
       320         18          0          4          0        747   system_lpc17xx.o
      5666        152        464          4         52      32647   uart_lpc17xx.o

    ----------------------------------------------------------------------
     14692        546       7128         72        764     148574   Object Totals
         0          0         32          0          0          0   (incl. Generated)
        10          0          0          3          0          0   (incl. Padding)

    ----------------------------------------------------------------------

      Code (inc. data)   RO Data    RW Data    ZI Data      Debug   Library Member Name

         8          0          0          0          0         68   __main.o
         0          0          0          0          0          0   __rtentry.o
        12          0          0          0          0          0   __rtentry2.o
         6          0          0          0          0          0   __rtentry4.o
        52          8          0          0          0          0   __scatter.o
        26          0          0          0          0          0   __scatter_copy.o
        28          0          0          0          0          0   __scatter_zi.o
        18          0          0          0          0         80   exit.o
         6          0          0          0          0        152   heapauxi.o
         0          0          0          0          0          0   indicate_semi.o
         2          0          0          0          0          0   libinit.o
         2          0          0          0          0          0   libinit2.o
         2          0          0          0          0          0   libshutdown.o
         2          0          0          0          0          0   libshutdown2.o
         8          4          0          0         96         68   libspace.o
       238          0          0          0          0        100   lludivv7m.o
        78          0          0          0          0         80   rt_memclr_w.o
         2          0          0          0          0          0   rtexit.o
        10          0          0          0          0          0   rtexit2.o
        12          4          0          0          0         68   sys_exit.o
        74          0          0          0          0         80   sys_stackheap_outer.o
         2          0          0          0          0         68   use_no_semi.o

    ----------------------------------------------------------------------
       596         16          0          0        100        764   Library Totals
         8          0          0          0          4          0   (incl. Padding)

    ----------------------------------------------------------------------

      Code (inc. data)   RO Data    RW Data    ZI Data      Debug   Library Name

       588         16          0          0         96        764   c_w.l

    ----------------------------------------------------------------------
       596         16          0          0        100        764   Library Totals

    ----------------------------------------------------------------------

==============================================================================


      Code (inc. data)   RO Data    RW Data    ZI Data      Debug   

     15288        562       7128         72        864     143822   Grand Totals
     15288        562       7128         72        864     143822   ELF Image Totals
     15288        562       7128         72          0          0   ROM Totals

==============================================================================

    Total RO  Size (Code + RO Data)                22416 (  21.89kB)
    Total RW  Size (RW Data + ZI Data)               936 (   0.91kB)
    Total ROM Size (Code + RO Data + RW Data)      22488 (  21.96kB)

==============================================================================

